Component: ARM Compiler 5.06 update 5 (build 528) Tool: armlink [4d35e2]

==============================================================================

Section Cross References

    startup_stm32h750xx.o(RESET) refers to startup_stm32h750xx.o(STACK) for __initial_sp
    startup_stm32h750xx.o(RESET) refers to startup_stm32h750xx.o(.text) for Reset_Handler
    startup_stm32h750xx.o(RESET) refers to stm32h7xx_it.o(i.NMI_Handler) for NMI_Handler
    startup_stm32h750xx.o(RESET) refers to stm32h7xx_it.o(i.HardFault_Handler) for HardFault_Handler
    startup_stm32h750xx.o(RESET) refers to stm32h7xx_it.o(i.MemManage_Handler) for MemManage_Handler
    startup_stm32h750xx.o(RESET) refers to stm32h7xx_it.o(i.BusFault_Handler) for BusFault_Handler
    startup_stm32h750xx.o(RESET) refers to stm32h7xx_it.o(i.UsageFault_Handler) for UsageFault_Handler
    startup_stm32h750xx.o(RESET) refers to stm32h7xx_it.o(i.SVC_Handler) for SVC_Handler
    startup_stm32h750xx.o(RESET) refers to stm32h7xx_it.o(i.DebugMon_Handler) for DebugMon_Handler
    startup_stm32h750xx.o(RESET) refers to stm32h7xx_it.o(i.PendSV_Handler) for PendSV_Handler
    startup_stm32h750xx.o(RESET) refers to stm32h7xx_it.o(i.SysTick_Handler) for SysTick_Handler
    startup_stm32h750xx.o(RESET) refers to stm32h7xx_it.o(i.DMA2_Stream7_IRQHandler) for DMA2_Stream7_IRQHandler
    startup_stm32h750xx.o(RESET) refers to stm32h7xx_it.o(i.DCMI_IRQHandler) for DCMI_IRQHandler
    startup_stm32h750xx.o(.text) refers to system_stm32h7xx.o(i.SystemInit) for SystemInit
    startup_stm32h750xx.o(.text) refers to entry.o(.ARM.Collect$$$$00000000) for __main
    main.o(i.MPU_Config) refers to stm32h7xx_hal_cortex.o(i.HAL_MPU_Disable) for HAL_MPU_Disable
    main.o(i.MPU_Config) refers to stm32h7xx_hal_cortex.o(i.HAL_MPU_ConfigRegion) for HAL_MPU_ConfigRegion
    main.o(i.MPU_Config) refers to stm32h7xx_hal_cortex.o(i.HAL_MPU_Enable) for HAL_MPU_Enable
    main.o(i.SystemClock_Config) refers to memseta.o(.text) for __aeabi_memclr4
    main.o(i.SystemClock_Config) refers to stm32h7xx_hal_pwr_ex.o(i.HAL_PWREx_ConfigSupply) for HAL_PWREx_ConfigSupply
    main.o(i.SystemClock_Config) refers to stm32h7xx_hal_rcc.o(i.HAL_RCC_OscConfig) for HAL_RCC_OscConfig
    main.o(i.SystemClock_Config) refers to stm32h7xx_hal_rcc.o(i.HAL_RCC_ClockConfig) for HAL_RCC_ClockConfig
    main.o(i.SystemClock_Config) refers to stm32h7xx_hal_rcc_ex.o(i.HAL_RCCEx_PeriphCLKConfig) for HAL_RCCEx_PeriphCLKConfig
    main.o(i.main) refers to main.o(i.MPU_Config) for MPU_Config
    main.o(i.main) refers to stm32h7xx_hal.o(i.HAL_Init) for HAL_Init
    main.o(i.main) refers to main.o(i.SystemClock_Config) for SystemClock_Config
    main.o(i.main) refers to led.o(i.LED_Init) for LED_Init
    main.o(i.main) refers to usart.o(i.USART1_Init) for USART1_Init
    main.o(i.main) refers to sdram.o(i.MX_FMC_Init) for MX_FMC_Init
    main.o(i.main) refers to lcd_rgb.o(i.MX_LTDC_Init) for MX_LTDC_Init
    main.o(i.main) refers to dcmi_ov2640.o(i.DCMI_OV2640_Init) for DCMI_OV2640_Init
    main.o(i.main) refers to dcmi_ov2640.o(i.OV2640_DMA_Transmit_Continuous) for OV2640_DMA_Transmit_Continuous
    main.o(i.main) refers to main.o(i.LCD_CopyBuffer) for LCD_CopyBuffer
    main.o(i.main) refers to lcd_rgb.o(i.LCD_DisplayString) for LCD_DisplayString
    main.o(i.main) refers to lcd_rgb.o(i.LCD_DisplayNumber) for LCD_DisplayNumber
    main.o(i.main) refers to stm32h7xx_hal_gpio.o(i.HAL_GPIO_TogglePin) for HAL_GPIO_TogglePin
    main.o(i.main) refers to dcmi_ov2640.o(.data) for OV2640_FrameState
    stm32h7xx_it.o(i.DCMI_IRQHandler) refers to stm32h7xx_hal_dcmi.o(i.HAL_DCMI_IRQHandler) for HAL_DCMI_IRQHandler
    stm32h7xx_it.o(i.DCMI_IRQHandler) refers to dcmi_ov2640.o(.bss) for hdcmi
    stm32h7xx_it.o(i.DMA2_Stream7_IRQHandler) refers to memcpya.o(.text) for __aeabi_memcpy4
    stm32h7xx_it.o(i.DMA2_Stream7_IRQHandler) refers to stm32h7xx_hal_dma.o(i.HAL_DMA_IRQHandler) for HAL_DMA_IRQHandler
    stm32h7xx_it.o(i.DMA2_Stream7_IRQHandler) refers to dcmi_ov2640.o(.bss) for DMA_Handle_dcmi
    stm32h7xx_it.o(i.DMA2_Stream7_IRQHandler) refers to dcmi_ov2640.o(.data) for OV2640_BufferCount
    stm32h7xx_it.o(i.SysTick_Handler) refers to stm32h7xx_hal.o(i.HAL_IncTick) for HAL_IncTick
    led.o(i.LED_Init) refers to memseta.o(.text) for __aeabi_memclr4
    led.o(i.LED_Init) refers to stm32h7xx_hal_gpio.o(i.HAL_GPIO_WritePin) for HAL_GPIO_WritePin
    led.o(i.LED_Init) refers to stm32h7xx_hal_gpio.o(i.HAL_GPIO_Init) for HAL_GPIO_Init
    usart.o(i.HAL_UART_MspInit) refers to memseta.o(.text) for __aeabi_memclr4
    usart.o(i.HAL_UART_MspInit) refers to stm32h7xx_hal_gpio.o(i.HAL_GPIO_Init) for HAL_GPIO_Init
    usart.o(i.USART1_Init) refers to stm32h7xx_hal_uart.o(i.HAL_UART_Init) for HAL_UART_Init
    usart.o(i.USART1_Init) refers to stm32h7xx_hal_uart_ex.o(i.HAL_UARTEx_SetTxFifoThreshold) for HAL_UARTEx_SetTxFifoThreshold
[...]
    ..\Drivers\User\Src\lcd_pwm.c            0x00000000   Number         0  lcd_pwm.o ABSOLUTE
    ..\Drivers\User\Src\lcd_rgb.c            0x00000000   Number         0  lcd_rgb.o ABSOLUTE
    ..\Drivers\User\Src\led.c                0x00000000   Number         0  led.o ABSOLUTE
    ..\Drivers\User\Src\sccb.c               0x00000000   Number         0  sccb.o ABSOLUTE
    ..\Drivers\User\Src\sdram.c              0x00000000   Number         0  sdram.o ABSOLUTE
    ..\Drivers\User\Src\touch_800x480.c      0x00000000   Number         0  touch_800x480.o ABSOLUTE
    ..\Drivers\User\Src\touch_iic.c          0x00000000   Number         0  touch_iic.o ABSOLUTE
    ..\Drivers\User\Src\usart.c              0x00000000   Number         0  usart.o ABSOLUTE
    ..\\Drivers\\STM32H7xx_HAL_Driver\\Src\\stm32h7xx_hal_dcmi.c 0x00000000   Number         0  stm32h7xx_hal_dcmi.o ABSOLUTE
    ..\\Drivers\\User\\Src\\dcmi_ov2640.c    0x00000000   Number         0  dcmi_ov2640.o ABSOLUTE
    ..\\Drivers\\User\\Src\\lcd_pwm.c        0x00000000   Number         0  lcd_pwm.o ABSOLUTE
    ..\\Drivers\\User\\Src\\lcd_rgb.c        0x00000000   Number         0  lcd_rgb.o ABSOLUTE
    ..\\Drivers\\User\\Src\\led.c            0x00000000   Number         0  led.o ABSOLUTE
    ..\\Drivers\\User\\Src\\sccb.c           0x00000000   Number         0  sccb.o ABSOLUTE
    ..\\Drivers\\User\\Src\\sdram.c          0x00000000   Number         0  sdram.o ABSOLUTE
    ..\\Drivers\\User\\Src\\touch_800x480.c  0x00000000   Number         0  touch_800x480.o ABSOLUTE
    ..\\Drivers\\User\\Src\\touch_iic.c      0x00000000   Number         0  touch_iic.o ABSOLUTE
    ..\\Drivers\\User\\Src\\usart.c          0x00000000   Number         0  usart.o ABSOLUTE
    cdrcmple.s                               0x00000000   Number         0  cdrcmple.o ABSOLUTE
    dc.s                                     0x00000000   Number         0  dc.o ABSOLUTE
    handlers.s                               0x00000000   Number         0  handlers.o ABSOLUTE
    init.s                                   0x00000000   Number         0  init.o ABSOLUTE
    startup_stm32h750xx.s                    0x00000000   Number         0  startup_stm32h750xx.o ABSOLUTE
    RESET                                    0x08000000   Section      664  startup_stm32h750xx.o(RESET)
    .ARM.Collect$$$$00000000                 0x08000298   Section        0  entry.o(.ARM.Collect$$$$00000000)
    .ARM.Collect$$$$00000001                 0x08000298   Section        4  entry2.o(.ARM.Collect$$$$00000001)
    .ARM.Collect$$$$00000004                 0x0800029c   Section        4  entry5.o(.ARM.Collect$$$$00000004)
    .ARM.Collect$$$$00000008                 0x080002a0   Section        0  entry7b.o(.ARM.Collect$$$$00000008)
    .ARM.Collect$$$$0000000A                 0x080002a0   Section        0  entry8b.o(.ARM.Collect$$$$0000000A)
    .ARM.Collect$$$$0000000B                 0x080002a0   Section        8  entry9a.o(.ARM.Collect$$$$0000000B)
    .ARM.Collect$$$$0000000D                 0x080002a8   Section        0  entry10a.o(.ARM.Collect$$$$0000000D)
    .ARM.Collect$$$$0000000F                 0x080002a8   Section        0  entry11a.o(.ARM.Collect$$$$0000000F)
    .ARM.Collect$$$$00002712                 0x080002a8   Section        4  entry2.o(.ARM.Collect$$$$00002712)
    __lit__00000000                          0x080002a8   Data           4  entry2.o(.ARM.Collect$$$$00002712)
    .text                                    0x080002ac   Section       36  startup_stm32h750xx.o(.text)
    $v0                                      0x080002ac   Number         0  startup_stm32h750xx.o(.text)
    .text                                    0x080002d0   Section        0  uldiv.o(.text)
    .text                                    0x08000332   Section        0  memcpya.o(.text)
    .text                                    0x08000356   Section        0  memseta.o(.text)
    .text                                    0x0800037a   Section        0  uidiv.o(.text)
    .text                                    0x080003a6   Section        0  llshl.o(.text)
    .text                                    0x080003c4   Section        0  llushr.o(.text)
    .text                                    0x080003e4   Section        0  iusefp.o(.text)
    .text                                    0x080003e4   Section        0  dadd.o(.text)
    .text                                    0x08000532   Section        0  dmul.o(.text)
    .text                                    0x08000616   Section        0  ddiv.o(.text)
    .text                                    0x080006f4   Section        0  dfixul.o(.text)
    .text                                    0x08000724   Section       48  cdrcmple.o(.text)
    .text                                    0x08000754   Section       36  init.o(.text)
    .text                                    0x08000778   Section        0  llsshr.o(.text)
    .text                                    0x0800079c   Section        0  depilogue.o(.text)
    i.BusFault_Handler                       0x08000856   Section        0  stm32h7xx_it.o(i.BusFault_Handler)
    i.DCMI_DMAError                          0x08000858   Section        0  stm32h7xx_hal_dcmi.o(i.DCMI_DMAError)
    DCMI_DMAError                            0x08000859   Thumb Code    32  stm32h7xx_hal_dcmi.o(i.DCMI_DMAError)
    i.DCMI_DMAXferCplt                       0x08000878   Section        0  stm32h7xx_hal_dcmi.o(i.DCMI_DMAXferCplt)
    DCMI_DMAXferCplt                         0x08000879   Thumb Code   132  stm32h7xx_hal_dcmi.o(i.DCMI_DMAXferCplt)
    i.DCMI_IRQHandler                        0x080008fc   Section        0  stm32h7xx_it.o(i.DCMI_IRQHandler)
    i.DCMI_OV2640_Init                       0x08000908   Section        0  dcmi_ov2640.o(i.DCMI_OV2640_Init)
    i.DMA2_Stream7_IRQHandler                0x0800099c   Section        0  stm32h7xx_it.o(i.DMA2_Stream7_IRQHandler)
    i.DMA_CalcBaseAndBitshift                0x08000aa4   Section        0  stm32h7xx_hal_dma.o(i.DMA_CalcBaseAndBitshift)
    DMA_CalcBaseAndBitshift                  0x08000aa5   Thumb Code   168  stm32h7xx_hal_dma.o(i.DMA_CalcBaseAndBitshift)
    i.DMA_CalcDMAMUXChannelBaseAndMask       0x08000b58   Section        0  stm32h7xx_hal_dma.o(i.DMA_CalcDMAMUXChannelBaseAndMask)
    DMA_CalcDMAMUXChannelBaseAndMask         0x08000b59   Thumb Code   138  stm32h7xx_hal_dma.o(i.DMA_CalcDMAMUXChannelBaseAndMask)
    i.DMA_CalcDMAMUXRequestGenBaseAndMask    0x08000bf4   Section        0  stm32h7xx_hal_dma.o(i.DMA_CalcDMAMUXRequestGenBaseAndMask)
    DMA_CalcDMAMUXRequestGenBaseAndMask      0x08000bf5   Thumb Code   104  stm32h7xx_hal_dma.o(i.DMA_CalcDMAMUXRequestGenBaseAndMask)
    i.DMA_CheckFifoParam                     0x08000c68   Section        0  stm32h7xx_hal_dma.o(i.DMA_CheckFifoParam)
    DMA_CheckFifoParam                       0x08000c69   Thumb Code    84  stm32h7xx_hal_dma.o(i.DMA_CheckFifoParam)
    i.DMA_MultiBufferSetConfig               0x08000cbc   Section        0  stm32h7xx_hal_dma_ex.o(i.DMA_MultiBufferSetConfig)
    DMA_MultiBufferSetConfig                 0x08000cbd   Thumb Code   150  stm32h7xx_hal_dma_ex.o(i.DMA_MultiBufferSetConfig)
    i.DMA_SetConfig                          0x08000d5c   Section        0  stm32h7xx_hal_dma.o(i.DMA_SetConfig)
    DMA_SetConfig                            0x08000d5d   Thumb Code   518  stm32h7xx_hal_dma.o(i.DMA_SetConfig)
    i.DebugMon_Handler                       0x08000f7c   Section        0  stm32h7xx_it.o(i.DebugMon_Handler)
    i.FMC_SDRAM_Init                         0x08000f7e   Section        0  stm32h7xx_ll_fmc.o(i.FMC_SDRAM_Init)
    i.FMC_SDRAM_ProgramRefreshRate           0x08000fe8   Section        0  stm32h7xx_ll_fmc.o(i.FMC_SDRAM_ProgramRefreshRate)
    i.FMC_SDRAM_SendCommand                  0x08000ffa   Section        0  stm32h7xx_ll_fmc.o(i.FMC_SDRAM_SendCommand)
    i.FMC_SDRAM_Timing_Init                  0x08001020   Section        0  stm32h7xx_ll_fmc.o(i.FMC_SDRAM_Timing_Init)
    i.HAL_DCMI_ConfigCrop                    0x080010d0   Section        0  stm32h7xx_hal_dcmi.o(i.HAL_DCMI_ConfigCrop)
    i.HAL_DCMI_EnableCrop                    0x08001106   Section        0  stm32h7xx_hal_dcmi.o(i.HAL_DCMI_EnableCrop)
    i.HAL_DCMI_ErrorCallback                 0x08001138   Section        0  dcmi_ov2640.o(i.HAL_DCMI_ErrorCallback)
    i.HAL_DCMI_FrameEventCallback            0x08001160   Section        0  dcmi_ov2640.o(i.HAL_DCMI_FrameEventCallback)
    i.HAL_DCMI_GetError                      0x08001190   Section        0  stm32h7xx_hal_dcmi.o(i.HAL_DCMI_GetError)
    i.HAL_DCMI_IRQHandler                    0x08001194   Section        0  stm32h7xx_hal_dcmi.o(i.HAL_DCMI_IRQHandler)
    i.HAL_DCMI_Init                          0x08001230   Section        0  stm32h7xx_hal_dcmi.o(i.HAL_DCMI_Init)
    i.HAL_DCMI_LineEventCallback             0x080012cc   Section        0  stm32h7xx_hal_dcmi.o(i.HAL_DCMI_LineEventCallback)
    i.HAL_DCMI_MspInit                       0x080012d0   Section        0  dcmi_ov2640.o(i.HAL_DCMI_MspInit)
    i.HAL_DCMI_Start_DMA                     0x080013c0   Section        0  stm32h7xx_hal_dcmi.o(i.HAL_DCMI_Start_DMA)
    i.HAL_DCMI_VsyncEventCallback            0x080014ac   Section        0  stm32h7xx_hal_dcmi.o(i.HAL_DCMI_VsyncEventCallback)
    i.HAL_DMAEx_ChangeMemory                 0x080014b0   Section        0  stm32h7xx_hal_dma_ex.o(i.HAL_DMAEx_ChangeMemory)
    i.HAL_DMAEx_MultiBufferStart_IT          0x08001540   Section        0  stm32h7xx_hal_dma_ex.o(i.HAL_DMAEx_MultiBufferStart_IT)
    i.HAL_DMA_Abort_IT                       0x080019a8   Section        0  stm32h7xx_hal_dma.o(i.HAL_DMA_Abort_IT)
    i.HAL_DMA_IRQHandler                     0x08001c2c   Section        0  stm32h7xx_hal_dma.o(i.HAL_DMA_IRQHandler)
    i.HAL_DMA_Init                           0x08002314   Section        0  stm32h7xx_hal_dma.o(i.HAL_DMA_Init)
    i.HAL_DMA_Start_IT                       0x080026d8   Section        0  stm32h7xx_hal_dma.o(i.HAL_DMA_Start_IT)
    i.HAL_Delay                              0x08002974   Section        0  stm32h7xx_hal.o(i.HAL_Delay)
    i.HAL_FMC_MspInit                        0x08002998   Section        0  sdram.o(i.HAL_FMC_MspInit)
    HAL_FMC_MspInit                          0x08002999   Thumb Code   244  sdram.o(i.HAL_FMC_MspInit)
    i.HAL_GPIO_Init                          0x08002aa8   Section        0  stm32h7xx_hal_gpio.o(i.HAL_GPIO_Init)
    i.HAL_GPIO_ReadPin                       0x08002cd4   Section        0  stm32h7xx_hal_gpio.o(i.HAL_GPIO_ReadPin)
    i.HAL_GPIO_TogglePin                     0x08002cde   Section        0  stm32h7xx_hal_gpio.o(i.HAL_GPIO_TogglePin)
    i.HAL_GPIO_WritePin                      0x08002cee   Section        0  stm32h7xx_hal_gpio.o(i.HAL_GPIO_WritePin)
    i.HAL_GetREVID                           0x08002cf8   Section        0  stm32h7xx_hal.o(i.HAL_GetREVID)
    i.HAL_GetTick                            0x08002d04   Section        0  stm32h7xx_hal.o(i.HAL_GetTick)
    i.HAL_IncTick                            0x08002d10   Section        0  stm32h7xx_hal.o(i.HAL_IncTick)
    i.HAL_Init                               0x08002d20   Section        0  stm32h7xx_hal.o(i.HAL_Init)
    i.HAL_InitTick                           0x08002d7c   Section        0  stm32h7xx_hal.o(i.HAL_InitTick)
    i.HAL_LTDC_ConfigLayer                   0x08002dbc   Section        0  stm32h7xx_hal_ltdc.o(i.HAL_LTDC_ConfigLayer)
    i.HAL_LTDC_Init                          0x08002e10   Section        0  stm32h7xx_hal_ltdc.o(i.HAL_LTDC_Init)
    i.HAL_LTDC_MspInit                       0x08002f08   Section        0  lcd_rgb.o(i.HAL_LTDC_MspInit)
    i.HAL_MPU_ConfigRegion                   0x080030cc   Section        0  stm32h7xx_hal_cortex.o(i.HAL_MPU_ConfigRegion)
    i.HAL_MPU_Disable                        0x08003128   Section        0  stm32h7xx_hal_cortex.o(i.HAL_MPU_Disable)
    i.HAL_MPU_Enable                         0x08003144   Section        0  stm32h7xx_hal_cortex.o(i.HAL_MPU_Enable)
    i.HAL_MspInit                            0x08003168   Section        0  stm32h7xx_hal_msp.o(i.HAL_MspInit)
    i.HAL_NVIC_EnableIRQ                     0x08003184   Section        0  stm32h7xx_hal_cortex.o(i.HAL_NVIC_EnableIRQ)
    i.HAL_NVIC_SetPriority                   0x080031a0   Section        0  stm32h7xx_hal_cortex.o(i.HAL_NVIC_SetPriority)
    i.HAL_NVIC_SetPriorityGrouping           0x080031e0   Section        0  stm32h7xx_hal_cortex.o(i.HAL_NVIC_SetPriorityGrouping)
    i.HAL_PWREx_ConfigSupply                 0x08003204   Section        0  stm32h7xx_hal_pwr_ex.o(i.HAL_PWREx_ConfigSupply)
    i.HAL_RCCEx_GetD3PCLK1Freq               0x08003258   Section        0  stm32h7xx_hal_rcc_ex.o(i.HAL_RCCEx_GetD3PCLK1Freq)
    i.HAL_RCCEx_GetPLL2ClockFreq             0x0800327c   Section        0  stm32h7xx_hal_rcc_ex.o(i.HAL_RCCEx_GetPLL2ClockFreq)
    i.HAL_RCCEx_GetPLL3ClockFreq             0x080033c0   Section        0  stm32h7xx_hal_rcc_ex.o(i.HAL_RCCEx_GetPLL3ClockFreq)
    i.HAL_RCCEx_PeriphCLKConfig              0x08003504   Section        0  stm32h7xx_hal_rcc_ex.o(i.HAL_RCCEx_PeriphCLKConfig)
    i.HAL_RCC_ClockConfig                    0x08003dd8   Section        0  stm32h7xx_hal_rcc.o(i.HAL_RCC_ClockConfig)
    i.HAL_RCC_GetHCLKFreq                    0x08004034   Section        0  stm32h7xx_hal_rcc.o(i.HAL_RCC_GetHCLKFreq)
    i.HAL_RCC_GetPCLK1Freq                   0x08004078   Section        0  stm32h7xx_hal_rcc.o(i.HAL_RCC_GetPCLK1Freq)
    i.HAL_RCC_GetPCLK2Freq                   0x0800409c   Section        0  stm32h7xx_hal_rcc.o(i.HAL_RCC_GetPCLK2Freq)
    i.HAL_RCC_GetSysClockFreq                0x080040c0   Section        0  stm32h7xx_hal_rcc.o(i.HAL_RCC_GetSysClockFreq)
    i.HAL_RCC_OscConfig                      0x080041f8   Section        0  stm32h7xx_hal_rcc.o(i.HAL_RCC_OscConfig)
    i.HAL_SDRAM_Init                         0x08004728   Section        0  stm32h7xx_hal_sdram.o(i.HAL_SDRAM_Init)
    i.HAL_SDRAM_MspInit                      0x08004778   Section        0  sdram.o(i.HAL_SDRAM_MspInit)
    i.HAL_SDRAM_ProgramRefreshRate           0x0800477c   Section        0  stm32h7xx_hal_sdram.o(i.HAL_SDRAM_ProgramRefreshRate)
    i.HAL_SDRAM_SendCommand                  0x080047ac   Section        0  stm32h7xx_hal_sdram.o(i.HAL_SDRAM_SendCommand)
    i.HAL_SYSTICK_Config                     0x080047e8   Section        0  stm32h7xx_hal_cortex.o(i.HAL_SYSTICK_Config)
    i.HAL_UARTEx_DisableFifoMode             0x0800480e   Section        0  stm32h7xx_hal_uart_ex.o(i.HAL_UARTEx_DisableFifoMode)
    i.HAL_UARTEx_SetRxFifoThreshold          0x0800484e   Section        0  stm32h7xx_hal_uart_ex.o(i.HAL_UARTEx_SetRxFifoThreshold)
    i.HAL_UARTEx_SetTxFifoThreshold          0x0800489a   Section        0  stm32h7xx_hal_uart_ex.o(i.HAL_UARTEx_SetTxFifoThreshold)
    i.HAL_UART_Init                          0x080048e6   Section        0  stm32h7xx_hal_uart.o(i.HAL_UART_Init)
    i.HAL_UART_MspInit                       0x08004950   Section        0  usart.o(i.HAL_UART_MspInit)
    i.HAL_UART_Transmit                      0x080049d4   Section        0  stm32h7xx_hal_uart.o(i.HAL_UART_Transmit)
    i.HardFault_Handler                      0x08004a92   Section        0  stm32h7xx_it.o(i.HardFault_Handler)
    i.LCD_Clear                              0x08004a94   Section        0  lcd_rgb.o(i.LCD_Clear)
    i.LCD_CopyBuffer                         0x08004ae4   Section        0  main.o(i.LCD_CopyBuffer)
    i.LCD_DisplayChar                        0x08004b34   Section        0  lcd_rgb.o(i.LCD_DisplayChar)
    i.LCD_DisplayNumber                      0x08004bb0   Section        0  lcd_rgb.o(i.LCD_DisplayNumber)
    i.LCD_DisplayString                      0x08004bec   Section        0  lcd_rgb.o(i.LCD_DisplayString)
    i.LCD_DrawPoint                          0x08004c24   Section        0  lcd_rgb.o(i.LCD_DrawPoint)
    i.LCD_PanelModify                        0x08004c9c   Section        0  lcd_rgb.o(i.LCD_PanelModify)
    i.LCD_SetBackColor                       0x08004d44   Section        0  lcd_rgb.o(i.LCD_SetBackColor)
    i.LCD_SetColor                           0x08004db8   Section        0  lcd_rgb.o(i.LCD_SetColor)
    i.LCD_SetLayer                           0x08004e2c   Section        0  lcd_rgb.o(i.LCD_SetLayer)
    i.LED_Init                               0x08004e44   Section        0  led.o(i.LED_Init)
    i.LTDC_SetConfig                         0x08004e94   Section        0  stm32h7xx_hal_ltdc.o(i.LTDC_SetConfig)
    LTDC_SetConfig                           0x08004e95   Thumb Code   464  stm32h7xx_hal_ltdc.o(i.LTDC_SetConfig)
    i.MPU_Config                             0x08005064   Section        0  main.o(i.MPU_Config)
    i.MX_DCMI_Init                           0x080050e4   Section        0  dcmi_ov2640.o(i.MX_DCMI_Init)
    i.MX_FMC_Init                            0x08005128   Section        0  sdram.o(i.MX_FMC_Init)
    i.MX_LTDC_Init                           0x08005198   Section        0  lcd_rgb.o(i.MX_LTDC_Init)
    i.MemManage_Handler                      0x08005284   Section        0  stm32h7xx_it.o(i.MemManage_Handler)
    i.NMI_Handler                            0x08005286   Section        0  stm32h7xx_it.o(i.NMI_Handler)
    i.OV2640_Config                          0x08005288   Section        0  dcmi_ov2640.o(i.OV2640_Config)
    i.OV2640_DCMI_Crop                       0x080052a8   Section        0  dcmi_ov2640.o(i.OV2640_DCMI_Crop)
    i.OV2640_DMA_Init                        0x080052e0   Section        0  dcmi_ov2640.o(i.OV2640_DMA_Init)
    i.OV2640_DMA_Transmit_Continuous         0x0800534c   Section        0  dcmi_ov2640.o(i.OV2640_DMA_Transmit_Continuous)
    i.OV2640_Delay                           0x08005378   Section        0  dcmi_ov2640.o(i.OV2640_Delay)
    i.OV2640_ReadID                          0x080053a8   Section        0  dcmi_ov2640.o(i.OV2640_ReadID)
    i.OV2640_Reset                           0x080053c8   Section        0  dcmi_ov2640.o(i.OV2640_Reset)
    i.OV2640_Set_Framesize                   0x08005400   Section        0  dcmi_ov2640.o(i.OV2640_Set_Framesize)
    i.PendSV_Handler                         0x0800544c   Section        0  stm32h7xx_it.o(i.PendSV_Handler)
    i.RCCEx_PLL2_Config                      0x08005450   Section        0  stm32h7xx_hal_rcc_ex.o(i.RCCEx_PLL2_Config)
    RCCEx_PLL2_Config                        0x08005451   Thumb Code   284  stm32h7xx_hal_rcc_ex.o(i.RCCEx_PLL2_Config)
    i.RCCEx_PLL3_Config                      0x08005570   Section        0  stm32h7xx_hal_rcc_ex.o(i.RCCEx_PLL3_Config)
    RCCEx_PLL3_Config                        0x08005571   Thumb Code   284  stm32h7xx_hal_rcc_ex.o(i.RCCEx_PLL3_Config)
    i.SCCB_ACK                               0x08005690   Section        0  sccb.o(i.SCCB_ACK)
    i.SCCB_Delay                             0x080056ec   Section        0  sccb.o(i.SCCB_Delay)
    i.SCCB_GPIO_Config                       0x08005714   Section        0  sccb.o(i.SCCB_GPIO_Config)
    i.SCCB_NoACK                             0x08005790   Section        0  sccb.o(i.SCCB_NoACK)
    i.SCCB_ReadByte                          0x080057e0   Section        0  sccb.o(i.SCCB_ReadByte)
    i.SCCB_ReadReg                           0x0800584c   Section        0  sccb.o(i.SCCB_ReadReg)
    i.SCCB_Start                             0x08005880   Section        0  sccb.o(i.SCCB_Start)
    i.SCCB_Stop                              0x080058cc   Section        0  sccb.o(i.SCCB_Stop)
    i.SCCB_WaitACK                           0x08005920   Section        0  sccb.o(i.SCCB_WaitACK)
    i.SCCB_WriteByte                         0x0800597c   Section        0  sccb.o(i.SCCB_WriteByte)
    i.SCCB_WriteHandle                       0x080059e8   Section        0  sccb.o(i.SCCB_WriteHandle)
    i.SCCB_WriteReg                          0x08005a04   Section        0  sccb.o(i.SCCB_WriteReg)
    i.SDRAM_Initialization_Sequence          0x08005a24   Section        0  sdram.o(i.SDRAM_Initialization_Sequence)
    i.SVC_Handler                            0x08005a9e   Section        0  stm32h7xx_it.o(i.SVC_Handler)
    i.SysTick_Handler                        0x08005aa0   Section        0  stm32h7xx_it.o(i.SysTick_Handler)
    i.SystemClock_Config                     0x08005aa4   Section        0  main.o(i.SystemClock_Config)
    i.SystemInit                             0x08005bc8   Section        0  system_stm32h7xx.o(i.SystemInit)
    i.UARTEx_SetNbDataToProcess              0x08005ca4   Section        0  stm32h7xx_hal_uart_ex.o(i.UARTEx_SetNbDataToProcess)
    UARTEx_SetNbDataToProcess                0x08005ca5   Thumb Code    62  stm32h7xx_hal_uart_ex.o(i.UARTEx_SetNbDataToProcess)
    i.UART_AdvFeatureConfig                  0x08005ce8   Section        0  stm32h7xx_hal_uart.o(i.UART_AdvFeatureConfig)
    i.UART_CheckIdleState                    0x08005db0   Section        0  stm32h7xx_hal_uart.o(i.UART_CheckIdleState)
    i.UART_SetConfig                         0x08005e10   Section        0  stm32h7xx_hal_uart.o(i.UART_SetConfig)
    i.UART_WaitOnFlagUntilTimeout            0x080061bc   Section        0  stm32h7xx_hal_uart.o(i.UART_WaitOnFlagUntilTimeout)
    i.USART1_Init                            0x08006288   Section        0  usart.o(i.USART1_Init)
    i.UsageFault_Handler                     0x080062d4   Section        0  stm32h7xx_it.o(i.UsageFault_Handler)
    i.__0printf                              0x080062d8   Section        0  printfa.o(i.__0printf)
    i.__0sprintf                             0x080062f8   Section        0  printfa.o(i.__0sprintf)
    i.__NVIC_SetPriority                     0x08006320   Section        0  stm32h7xx_hal_cortex.o(i.__NVIC_SetPriority)
    __NVIC_SetPriority                       0x08006321   Thumb Code    34  stm32h7xx_hal_cortex.o(i.__NVIC_SetPriority)
    i.__scatterload_copy                     0x08006342   Section       14  handlers.o(i.__scatterload_copy)
    i.__scatterload_null                     0x08006350   Section        2  handlers.o(i.__scatterload_null)
    i.__scatterload_zeroinit                 0x08006352   Section       14  handlers.o(i.__scatterload_zeroinit)
    i._fp_digits                             0x08006360   Section        0  printfa.o(i._fp_digits)
    _fp_digits                               0x08006361   Thumb Code   366  printfa.o(i._fp_digits)
    i._printf_core                           0x080064e4   Section        0  printfa.o(i._printf_core)
    _printf_core                             0x080064e5   Thumb Code  1744  printfa.o(i._printf_core)
    i._printf_post_padding                   0x08006bc0   Section        0  printfa.o(i._printf_post_padding)
    _printf_post_padding                     0x08006bc1   Thumb Code    36  printfa.o(i._printf_post_padding)
    i._printf_pre_padding                    0x08006be4   Section        0  printfa.o(i._printf_pre_padding)
    _printf_pre_padding                      0x08006be5   Thumb Code    46  printfa.o(i._printf_pre_padding)
    i._sputc                                 0x08006c12   Section        0  printfa.o(i._sputc)
    _sputc                                   0x08006c13   Thumb Code    10  printfa.o(i._sputc)
    i.fputc                                  0x08006c1c   Section        0  usart.o(i.fputc)
    i.main                                   0x08006c34   Section        0  main.o(i.main)
    .constdata                               0x08006d4c   Section     4560  lcd_fonts.o(.constdata)
    .constdata                               0x08007f1c   Section      378  dcmi_ov2640.o(.constdata)
    .constdata                               0x08008096   Section        8  stm32h7xx_hal_dma.o(.constdata)
    flagBitshiftOffset                       0x08008096   Data           8  stm32h7xx_hal_dma.o(.constdata)
    .constdata                               0x0800809e   Section       24  stm32h7xx_hal_uart.o(.constdata)
    .constdata                               0x080080b6   Section       16  stm32h7xx_hal_uart_ex.o(.constdata)
    numerator                                0x080080b6   Data           8  stm32h7xx_hal_uart_ex.o(.constdata)
    denominator                              0x080080be   Data           8  stm32h7xx_hal_uart_ex.o(.constdata)
    .constdata                               0x080080c6   Section       16  system_stm32h7xx.o(.constdata)
    .data                                    0x20000000   Section        8  lcd_rgb.o(.data)
    LCD_Fonts                                0x20000000   Data           4  lcd_rgb.o(.data)
    LCD_CHFonts                              0x20000004   Data           4  lcd_rgb.o(.data)
    .data                                    0x20000008   Section       12  lcd_fonts.o(.data)
    .data                                    0x20000014   Section        8  dcmi_ov2640.o(.data)
    DCMI_Frame_Count                         0x20000015   Data           1  dcmi_ov2640.o(.data)
    DCMI_Tick                                0x20000018   Data           4  dcmi_ov2640.o(.data)
    .data                                    0x2000001c   Section        1  dcmi_ov2640.o(.data)
    .data                                    0x20000020   Section       12  stm32h7xx_hal.o(.data)
    .data                                    0x2000002c   Section        8  system_stm32h7xx.o(.data)
    .data                                    0x20000034   Section        4  stdout.o(.data)
    .bss                                     0x20000038   Section      144  usart.o(.bss)
    .bss                                     0x200000c8   Section       68  sdram.o(.bss)
    .bss                                     0x2000010c   Section      188  lcd_rgb.o(.bss)
    .bss                                     0x200001c8   Section      200  dcmi_ov2640.o(.bss)
    STACK                                    0x20000290   Section    12288  startup_stm32h750xx.o(STACK)

    Global Symbols

    Symbol Name                              Value     Ov Type        Size  Object(Section)

    BuildAttributes$$THM_ISAv4$E$P$D$K$B$S$7EM$VFPv5_D16$PE$PLD8$A:L22UL41UL21$X:L11$S22US41US21$IEEE1$IW$USESV6$~STKCKD$USESV7$~SHL$OSPACE$ROPI$EBA8$MICROLIB$REQ8$PRES8$EABIv2 0x00000000   Number         0  anon$$obj.o ABSOLUTE
    __ARM_use_no_argv                        0x00000000   Number         0  main.o ABSOLUTE
    _printf_a                                0x00000000   Number         0  stubs.o ABSOLUTE
    _printf_c                                0x00000000   Number         0  stubs.o ABSOLUTE
    _printf_charcount                        0x00000000   Number         0  stubs.o ABSOLUTE
    _printf_d                                0x00000000   Number         0  stubs.o ABSOLUTE
    _printf_e                                0x00000000   Number         0  stubs.o ABSOLUTE
    _printf_f                                0x00000000   Number         0  stubs.o ABSOLUTE
    _printf_flags                            0x00000000   Number         0  stubs.o ABSOLUTE
    _printf_fp_dec                           0x00000000   Number         0  stubs.o ABSOLUTE
    _printf_fp_hex                           0x00000000   Number         0  stubs.o ABSOLUTE
    _printf_g                                0x00000000   Number         0  stubs.o ABSOLUTE
    _printf_i                                0x00000000   Number         0  stubs.o ABSOLUTE
    _printf_int_dec                          0x00000000   Number         0  stubs.o ABSOLUTE
    _printf_l                                0x00000000   Number         0  stubs.o ABSOLUTE
    _printf_lc                               0x00000000   Number         0  stubs.o ABSOLUTE
    _printf_ll                               0x00000000   Number         0  stubs.o ABSOLUTE
    _printf_lld                              0x00000000   Number         0  stubs.o ABSOLUTE
    _printf_lli                              0x00000000   Number         0  stubs.o ABSOLUTE
    _printf_llo                              0x00000000   Number         0  stubs.o ABSOLUTE
    _printf_llu                              0x00000000   Number         0  stubs.o ABSOLUTE
    _printf_llx                              0x00000000   Number         0  stubs.o ABSOLUTE
    _printf_longlong_dec                     0x00000000   Number         0  stubs.o ABSOLUTE
    _printf_longlong_hex                     0x00000000   Number         0  stubs.o ABSOLUTE
    _printf_longlong_oct                     0x00000000   Number         0  stubs.o ABSOLUTE
    _printf_ls                               0x00000000   Number         0  stubs.o ABSOLUTE
    _printf_mbtowc                           0x00000000   Number         0  stubs.o ABSOLUTE
    _printf_n                                0x00000000   Number         0  stubs.o ABSOLUTE
    _printf_o                                0x00000000   Number         0  stubs.o ABSOLUTE
    _printf_p                                0x00000000   Number         0  stubs.o ABSOLUTE
    _printf_percent                          0x00000000   Number         0  stubs.o ABSOLUTE
    _printf_pre_padding                      0x00000000   Number         0  stubs.o ABSOLUTE
    _printf_return_value                     0x00000000   Number         0  stubs.o ABSOLUTE
    _printf_s                                0x00000000   Number         0  stubs.o ABSOLUTE
    _printf_sizespec                         0x00000000   Number         0  stubs.o ABSOLUTE
    _printf_str                              0x00000000   Number         0  stubs.o ABSOLUTE
    _printf_truncate_signed                  0x00000000   Number         0  stubs.o ABSOLUTE
    _printf_truncate_unsigned                0x00000000   Number         0  stubs.o ABSOLUTE
    _printf_u                                0x00000000   Number         0  stubs.o ABSOLUTE
    _printf_wc                               0x00000000   Number         0  stubs.o ABSOLUTE
    _printf_wctomb                           0x00000000   Number         0  stubs.o ABSOLUTE
    _printf_widthprec                        0x00000000   Number         0  stubs.o ABSOLUTE
    _printf_x                                0x00000000   Number         0  stubs.o ABSOLUTE
    __cpp_initialize__aeabi_                  - Undefined Weak Reference
    __cxa_finalize                            - Undefined Weak Reference
    __decompress                              - Undefined Weak Reference
    _clock_init                               - Undefined Weak Reference
    _microlib_exit                            - Undefined Weak Reference
    __Vectors_Size                           0x00000298   Number         0  startup_stm32h750xx.o ABSOLUTE
    __Vectors                                0x08000000   Data           4  startup_stm32h750xx.o(RESET)
    __Vectors_End                            0x08000298   Data           0  startup_stm32h750xx.o(RESET)
    __main                                   0x08000299   Thumb Code     0  entry.o(.ARM.Collect$$$$00000000)
    _main_stk                                0x08000299   Thumb Code     0  entry2.o(.ARM.Collect$$$$00000001)
    _main_scatterload                        0x0800029d   Thumb Code     0  entry5.o(.ARM.Collect$$$$00000004)
    __main_after_scatterload                 0x080002a1   Thumb Code     0  entry5.o(.ARM.Collect$$$$00000004)
    _main_clock                              0x080002a1   Thumb Code     0  entry7b.o(.ARM.Collect$$$$00000008)
    _main_cpp_init                           0x080002a1   Thumb Code     0  entry8b.o(.ARM.Collect$$$$0000000A)
    _main_init                               0x080002a1   Thumb Code     0  entry9a.o(.ARM.Collect$$$$0000000B)
    __rt_final_cpp                           0x080002a9   Thumb Code     0  entry10a.o(.ARM.Collect$$$$0000000D)
    __rt_final_exit                          0x080002a9   Thumb Code     0  entry11a.o(.ARM.Collect$$$$0000000F)
    Reset_Handler                            0x080002ad   Thumb Code     8  startup_stm32h750xx.o(.text)
    ADC3_IRQHandler                          0x080002c7   Thumb Code     0  startup_stm32h750xx.o(.text)
    ADC_IRQHandler                           0x080002c7   Thumb Code     0  startup_stm32h750xx.o(.text)
    BDMA_Channel0_IRQHandler                 0x080002c7   Thumb Code     0  startup_stm32h750xx.o(.text)
    BDMA_Channel1_IRQHandler                 0x080002c7   Thumb Code     0  startup_stm32h750xx.o(.text)
    BDMA_Channel2_IRQHandler                 0x080002c7   Thumb Code     0  startup_stm32h750xx.o(.text)
    BDMA_Channel3_IRQHandler                 0x080002c7   Thumb Code     0  startup_stm32h750xx.o(.text)
    BDMA_Channel4_IRQHandler                 0x080002c7   Thumb Code     0  startup_stm32h750xx.o(.text)
    BDMA_Channel5_IRQHandler                 0x080002c7   Thumb Code     0  startup_stm32h750xx.o(.text)
    BDMA_Channel6_IRQHandler                 0x080002c7   Thumb Code     0  startup_stm32h750xx.o(.text)
    BDMA_Channel7_IRQHandler                 0x080002c7   Thumb Code     0  startup_stm32h750xx.o(.text)
    CEC_IRQHandler                           0x080002c7   Thumb Code     0  startup_stm32h750xx.o(.text)
    COMP1_IRQHandler                         0x080002c7   Thumb Code     0  startup_stm32h750xx.o(.text)
    CRS_IRQHandler                           0x080002c7   Thumb Code     0  startup_stm32h750xx.o(.text)
    CRYP_IRQHandler                          0x080002c7   Thumb Code     0  startup_stm32h750xx.o(.text)
    DFSDM1_FLT0_IRQHandler                   0x080002c7   Thumb Code     0  startup_stm32h750xx.o(.text)
    DFSDM1_FLT1_IRQHandler                   0x080002c7   Thumb Code     0  startup_stm32h750xx.o(.text)
    DFSDM1_FLT2_IRQHandler                   0x080002c7   Thumb Code     0  startup_stm32h750xx.o(.text)
    DFSDM1_FLT3_IRQHandler                   0x080002c7   Thumb Code     0  startup_stm32h750xx.o(.text)
    DMA1_Stream0_IRQHandler                  0x080002c7   Thumb Code     0  startup_stm32h750xx.o(.text)
    DMA1_Stream1_IRQHandler                  0x080002c7   Thumb Code     0  startup_stm32h750xx.o(.text)
    DMA1_Stream2_IRQHandler                  0x080002c7   Thumb Code     0  startup_stm32h750xx.o(.text)
    DMA1_Stream3_IRQHandler                  0x080002c7   Thumb Code     0  startup_stm32h750xx.o(.text)
    DMA1_Stream4_IRQHandler                  0x080002c7   Thumb Code     0  startup_stm32h750xx.o(.text)
    DMA1_Stream5_IRQHandler                  0x080002c7   Thumb Code     0  startup_stm32h750xx.o(.text)
    DMA1_Stream6_IRQHandler                  0x080002c7   Thumb Code     0  startup_stm32h750xx.o(.text)
    DMA1_Stream7_IRQHandler                  0x080002c7   Thumb Code     0  startup_stm32h750xx.o(.text)
    DMA2D_IRQHandler                         0x080002c7   Thumb Code     0  startup_stm32h750xx.o(.text)
    DMA2_Stream0_IRQHandler                  0x080002c7   Thumb Code     0  startup_stm32h750xx.o(.text)
    DMA2_Stream1_IRQHandler                  0x080002c7   Thumb Code     0  startup_stm32h750xx.o(.text)
    DMA2_Stream2_IRQHandler                  0x080002c7   Thumb Code     0  startup_stm32h750xx.o(.text)
    DMA2_Stream3_IRQHandler                  0x080002c7   Thumb Code     0  startup_stm32h750xx.o(.text)
    DMA2_Stream4_IRQHandler                  0x080002c7   Thumb Code     0  startup_stm32h750xx.o(.text)
    DMA2_Stream5_IRQHandler                  0x080002c7   Thumb Code     0  startup_stm32h750xx.o(.text)
    DMA2_Stream6_IRQHandler                  0x080002c7   Thumb Code     0  startup_stm32h750xx.o(.text)
    DMAMUX1_OVR_IRQHandler                   0x080002c7   Thumb Code     0  startup_stm32h750xx.o(.text)
    DMAMUX2_OVR_IRQHandler                   0x080002c7   Thumb Code     0  startup_stm32h750xx.o(.text)
    ECC_IRQHandler                           0x080002c7   Thumb Code     0  startup_stm32h750xx.o(.text)
    ETH_IRQHandler                           0x080002c7   Thumb Code     0  startup_stm32h750xx.o(.text)
    ETH_WKUP_IRQHandler                      0x080002c7   Thumb Code     0  startup_stm32h750xx.o(.text)
    EXTI0_IRQHandler                         0x080002c7   Thumb Code     0  startup_stm32h750xx.o(.text)
    EXTI15_10_IRQHandler                     0x080002c7   Thumb Code     0  startup_stm32h750xx.o(.text)
    EXTI1_IRQHandler                         0x080002c7   Thumb Code     0  startup_stm32h750xx.o(.text)
    EXTI2_IRQHandler                         0x080002c7   Thumb Code     0  startup_stm32h750xx.o(.text)
    EXTI3_IRQHandler                         0x080002c7   Thumb Code     0  startup_stm32h750xx.o(.text)
    EXTI4_IRQHandler                         0x080002c7   Thumb Code     0  startup_stm32h750xx.o(.text)
    EXTI9_5_IRQHandler                       0x080002c7   Thumb Code     0  startup_stm32h750xx.o(.text)
    FDCAN1_IT0_IRQHandler                    0x080002c7   Thumb Code     0  startup_stm32h750xx.o(.text)
    FDCAN1_IT1_IRQHandler                    0x080002c7   Thumb Code     0  startup_stm32h750xx.o(.text)
    FDCAN2_IT0_IRQHandler                    0x080002c7   Thumb Code     0  startup_stm32h750xx.o(.text)
    FDCAN2_IT1_IRQHandler                    0x080002c7   Thumb Code     0  startup_stm32h750xx.o(.text)
    FDCAN_CAL_IRQHandler                     0x080002c7   Thumb Code     0  startup_stm32h750xx.o(.text)
    FLASH_IRQHandler                         0x080002c7   Thumb Code     0  startup_stm32h750xx.o(.text)
    FMC_IRQHandler                           0x080002c7   Thumb Code     0  startup_stm32h750xx.o(.text)
    FPU_IRQHandler                           0x080002c7   Thumb Code     0  startup_stm32h750xx.o(.text)
    HASH_RNG_IRQHandler                      0x080002c7   Thumb Code     0  startup_stm32h750xx.o(.text)
    HRTIM1_FLT_IRQHandler                    0x080002c7   Thumb Code     0  startup_stm32h750xx.o(.text)
    HRTIM1_Master_IRQHandler                 0x080002c7   Thumb Code     0  startup_stm32h750xx.o(.text)
    HRTIM1_TIMA_IRQHandler                   0x080002c7   Thumb Code     0  startup_stm32h750xx.o(.text)
    HRTIM1_TIMB_IRQHandler                   0x080002c7   Thumb Code     0  startup_stm32h750xx.o(.text)
    HRTIM1_TIMC_IRQHandler                   0x080002c7   Thumb Code     0  startup_stm32h750xx.o(.text)
    HRTIM1_TIMD_IRQHandler                   0x080002c7   Thumb Code     0  startup_stm32h750xx.o(.text)
    HRTIM1_TIME_IRQHandler                   0x080002c7   Thumb Code     0  startup_stm32h750xx.o(.text)
    HSEM1_IRQHandler                         0x080002c7   Thumb Code     0  startup_stm32h750xx.o(.text)
    I2C1_ER_IRQHandler                       0x080002c7   Thumb Code     0  startup_stm32h750xx.o(.text)
    I2C1_EV_IRQHandler                       0x080002c7   Thumb Code     0  startup_stm32h750xx.o(.text)
    I2C2_ER_IRQHandler                       0x080002c7   Thumb Code     0  startup_stm32h750xx.o(.text)
    I2C2_EV_IRQHandler                       0x080002c7   Thumb Code     0  startup_stm32h750xx.o(.text)
    I2C3_ER_IRQHandler                       0x080002c7   Thumb Code     0  startup_stm32h750xx.o(.text)
    I2C3_EV_IRQHandler                       0x080002c7   Thumb Code     0  startup_stm32h750xx.o(.text)
    I2C4_ER_IRQHandler                       0x080002c7   Thumb Code     0  startup_stm32h750xx.o(.text)
    I2C4_EV_IRQHandler                       0x080002c7   Thumb Code     0  startup_stm32h750xx.o(.text)
    JPEG_IRQHandler                          0x080002c7   Thumb Code     0  startup_stm32h750xx.o(.text)
    LPTIM1_IRQHandler                        0x080002c7   Thumb Code     0  startup_stm32h750xx.o(.text)
    LPTIM2_IRQHandler                        0x080002c7   Thumb Code     0  startup_stm32h750xx.o(.text)
    LPTIM3_IRQHandler                        0x080002c7   Thumb Code     0  startup_stm32h750xx.o(.text)
    LPTIM4_IRQHandler                        0x080002c7   Thumb Code     0  startup_stm32h750xx.o(.text)
    LPTIM5_IRQHandler                        0x080002c7   Thumb Code     0  startup_stm32h750xx.o(.text)
    LPUART1_IRQHandler                       0x080002c7   Thumb Code     0  startup_stm32h750xx.o(.text)
    LTDC_ER_IRQHandler                       0x080002c7   Thumb Code     0  startup_stm32h750xx.o(.text)
    LTDC_IRQHandler                          0x080002c7   Thumb Code     0  startup_stm32h750xx.o(.text)
    MDIOS_IRQHandler                         0x080002c7   Thumb Code     0  startup_stm32h750xx.o(.text)
    MDIOS_WKUP_IRQHandler                    0x080002c7   Thumb Code     0  startup_stm32h750xx.o(.text)
    MDMA_IRQHandler                          0x080002c7   Thumb Code     0  startup_stm32h750xx.o(.text)
    OTG_FS_EP1_IN_IRQHandler                 0x080002c7   Thumb Code     0  startup_stm32h750xx.o(.text)
    OTG_FS_EP1_OUT_IRQHandler                0x080002c7   Thumb Code     0  startup_stm32h750xx.o(.text)
    OTG_FS_IRQHandler                        0x080002c7   Thumb Code     0  startup_stm32h750xx.o(.text)
    OTG_FS_WKUP_IRQHandler                   0x080002c7   Thumb Code     0  startup_stm32h750xx.o(.text)
    OTG_HS_EP1_IN_IRQHandler                 0x080002c7   Thumb Code     0  startup_stm32h750xx.o(.text)
    OTG_HS_EP1_OUT_IRQHandler                0x080002c7   Thumb Code     0  startup_stm32h750xx.o(.text)
    OTG_HS_IRQHandler                        0x080002c7   Thumb Code     0  startup_stm32h750xx.o(.text)
    OTG_HS_WKUP_IRQHandler                   0x080002c7   Thumb Code     0  startup_stm32h750xx.o(.text)
    PVD_AVD_IRQHandler                       0x080002c7   Thumb Code     0  startup_stm32h750xx.o(.text)
    QUADSPI_IRQHandler                       0x080002c7   Thumb Code     0  startup_stm32h750xx.o(.text)
    RCC_IRQHandler                           0x080002c7   Thumb Code     0  startup_stm32h750xx.o(.text)
    RTC_Alarm_IRQHandler                     0x080002c7   Thumb Code     0  startup_stm32h750xx.o(.text)
    RTC_WKUP_IRQHandler                      0x080002c7   Thumb Code     0  startup_stm32h750xx.o(.text)
    SAI1_IRQHandler                          0x080002c7   Thumb Code     0  startup_stm32h750xx.o(.text)
    SAI2_IRQHandler                          0x080002c7   Thumb Code     0  startup_stm32h750xx.o(.text)
    SAI3_IRQHandler                          0x080002c7   Thumb Code     0  startup_stm32h750xx.o(.text)
    SAI4_IRQHandler                          0x080002c7   Thumb Code     0  startup_stm32h750xx.o(.text)
    SDMMC1_IRQHandler                        0x080002c7   Thumb Code     0  startup_stm32h750xx.o(.text)
    SDMMC2_IRQHandler                        0x080002c7   Thumb Code     0  startup_stm32h750xx.o(.text)
    SPDIF_RX_IRQHandler                      0x080002c7   Thumb Code     0  startup_stm32h750xx.o(.text)
    SPI1_IRQHandler                          0x080002c7   Thumb Code     0  startup_stm32h750xx.o(.text)
    SPI2_IRQHandler                          0x080002c7   Thumb Code     0  startup_stm32h750xx.o(.text)
    SPI3_IRQHandler                          0x080002c7   Thumb Code     0  startup_stm32h750xx.o(.text)
    SPI4_IRQHandler                          0x080002c7   Thumb Code     0  startup_stm32h750xx.o(.text)
    SPI5_IRQHandler                          0x080002c7   Thumb Code     0  startup_stm32h750xx.o(.text)
    SPI6_IRQHandler                          0x080002c7   Thumb Code     0  startup_stm32h750xx.o(.text)
    SWPMI1_IRQHandler                        0x080002c7   Thumb Code     0  startup_stm32h750xx.o(.text)
    TAMP_STAMP_IRQHandler                    0x080002c7   Thumb Code     0  startup_stm32h750xx.o(.text)
    TIM15_IRQHandler                         0x080002c7   Thumb Code     0  startup_stm32h750xx.o(.text)
    TIM16_IRQHandler                         0x080002c7   Thumb Code     0  startup_stm32h750xx.o(.text)
    TIM17_IRQHandler                         0x080002c7   Thumb Code     0  startup_stm32h750xx.o(.text)
    TIM1_BRK_IRQHandler                      0x080002c7   Thumb Code     0  startup_stm32h750xx.o(.text)
    TIM1_CC_IRQHandler                       0x080002c7   Thumb Code     0  startup_stm32h750xx.o(.text)
    TIM1_TRG_COM_IRQHandler                  0x080002c7   Thumb Code     0  startup_stm32h750xx.o(.text)
    TIM1_UP_IRQHandler                       0x080002c7   Thumb Code     0  startup_stm32h750xx.o(.text)
    TIM2_IRQHandler                          0x080002c7   Thumb Code     0  startup_stm32h750xx.o(.text)
    TIM3_IRQHandler                          0x080002c7   Thumb Code     0  startup_stm32h750xx.o(.text)
    TIM4_IRQHandler                          0x080002c7   Thumb Code     0  startup_stm32h750xx.o(.text)
    TIM5_IRQHandler                          0x080002c7   Thumb Code     0  startup_stm32h750xx.o(.text)
    TIM6_DAC_IRQHandler                      0x080002c7   Thumb Code     0  startup_stm32h750xx.o(.text)
    TIM7_IRQHandler                          0x080002c7   Thumb Code     0  startup_stm32h750xx.o(.text)
    TIM8_BRK_TIM12_IRQHandler                0x080002c7   Thumb Code     0  startup_stm32h750xx.o(.text)
    TIM8_CC_IRQHandler                       0x080002c7   Thumb Code     0  startup_stm32h750xx.o(.text)
    TIM8_TRG_COM_TIM14_IRQHandler            0x080002c7   Thumb Code     0  startup_stm32h750xx.o(.text)
    TIM8_UP_TIM13_IRQHandler                 0x080002c7   Thumb Code     0  startup_stm32h750xx.o(.text)
    UART4_IRQHandler                         0x080002c7   Thumb Code     0  startup_stm32h750xx.o(.text)
    UART5_IRQHandler                         0x080002c7   Thumb Code     0  startup_stm32h750xx.o(.text)
    UART7_IRQHandler                         0x080002c7   Thumb Code     0  startup_stm32h750xx.o(.text)
    UART8_IRQHandler                         0x080002c7   Thumb Code     0  startup_stm32h750xx.o(.text)
    USART1_IRQHandler                        0x080002c7   Thumb Code     0  startup_stm32h750xx.o(.text)
    USART2_IRQHandler                        0x080002c7   Thumb Code     0  startup_stm32h750xx.o(.text)
    USART3_IRQHandler                        0x080002c7   Thumb Code     0  startup_stm32h750xx.o(.text)
    USART6_IRQHandler                        0x080002c7   Thumb Code     0  startup_stm32h750xx.o(.text)
    WAKEUP_PIN_IRQHandler                    0x080002c7   Thumb Code     0  startup_stm32h750xx.o(.text)
    WWDG_IRQHandler                          0x080002c7   Thumb Code     0  startup_stm32h750xx.o(.text)
    __aeabi_uldivmod                         0x080002d1   Thumb Code    98  uldiv.o(.text)
    __aeabi_memcpy                           0x08000333   Thumb Code    36  memcpya.o(.text)
    __aeabi_memcpy4                          0x08000333   Thumb Code     0  memcpya.o(.text)
    __aeabi_memcpy8                          0x08000333   Thumb Code     0  memcpya.o(.text)
    __aeabi_memset                           0x08000357   Thumb Code    14  memseta.o(.text)
    __aeabi_memset4                          0x08000357   Thumb Code     0  memseta.o(.text)
    __aeabi_memset8                          0x08000357   Thumb Code     0  memseta.o(.text)
    __aeabi_memclr                           0x08000365   Thumb Code     4  memseta.o(.text)
    __aeabi_memclr4                          0x08000365   Thumb Code     0  memseta.o(.text)
    __aeabi_memclr8                          0x08000365   Thumb Code     0  memseta.o(.text)
    _memset$wrapper                          0x08000369   Thumb Code    18  memseta.o(.text)
    __aeabi_uidiv                            0x0800037b   Thumb Code     0  uidiv.o(.text)
    __aeabi_uidivmod                         0x0800037b   Thumb Code    44  uidiv.o(.text)
    __aeabi_llsl                             0x080003a7   Thumb Code    30  llshl.o(.text)
    _ll_shift_l                              0x080003a7   Thumb Code     0  llshl.o(.text)
    __aeabi_llsr                             0x080003c5   Thumb Code    32  llushr.o(.text)
    _ll_ushift_r                             0x080003c5   Thumb Code     0  llushr.o(.text)
    __I$use$fp                               0x080003e5   Thumb Code     0  iusefp.o(.text)
    __aeabi_dadd                             0x080003e5   Thumb Code   322  dadd.o(.text)
    __aeabi_dsub                             0x08000527   Thumb Code     6  dadd.o(.text)
    __aeabi_drsub                            0x0800052d   Thumb Code     6  dadd.o(.text)
    __aeabi_dmul                             0x08000533   Thumb Code   228  dmul.o(.text)
    __aeabi_ddiv                             0x08000617   Thumb Code   222  ddiv.o(.text)
    __aeabi_d2ulz                            0x080006f5   Thumb Code    48  dfixul.o(.text)
    __aeabi_cdrcmple                         0x08000725   Thumb Code    48  cdrcmple.o(.text)
    __scatterload                            0x08000755   Thumb Code    28  init.o(.text)
    __scatterload_rt2                        0x08000755   Thumb Code     0  init.o(.text)
    __aeabi_lasr                             0x08000779   Thumb Code    36  llsshr.o(.text)
    _ll_sshift_r                             0x08000779   Thumb Code     0  llsshr.o(.text)
    _double_round                            0x0800079d   Thumb Code    30  depilogue.o(.text)
    _double_epilogue                         0x080007bb   Thumb Code   156  depilogue.o(.text)
    BusFault_Handler                         0x08000857   Thumb Code     2  stm32h7xx_it.o(i.BusFault_Handler)
    DCMI_IRQHandler                          0x080008fd   Thumb Code     6  stm32h7xx_it.o(i.DCMI_IRQHandler)
    DCMI_OV2640_Init                         0x08000909   Thumb Code    96  dcmi_ov2640.o(i.DCMI_OV2640_Init)
    DMA2_Stream7_IRQHandler                  0x0800099d   Thumb Code   238  stm32h7xx_it.o(i.DMA2_Stream7_IRQHandler)
    DebugMon_Handler                         0x08000f7d   Thumb Code     2  stm32h7xx_it.o(i.DebugMon_Handler)
    FMC_SDRAM_Init                           0x08000f7f   Thumb Code   106  stm32h7xx_ll_fmc.o(i.FMC_SDRAM_Init)
    FMC_SDRAM_ProgramRefreshRate             0x08000fe9   Thumb Code    18  stm32h7xx_ll_fmc.o(i.FMC_SDRAM_ProgramRefreshRate)
    FMC_SDRAM_SendCommand                    0x08000ffb   Thumb Code    38  stm32h7xx_ll_fmc.o(i.FMC_SDRAM_SendCommand)
    FMC_SDRAM_Timing_Init                    0x08001021   Thumb Code   164  stm32h7xx_ll_fmc.o(i.FMC_SDRAM_Timing_Init)
    HAL_DCMI_ConfigCrop                      0x080010d1   Thumb Code    54  stm32h7xx_hal_dcmi.o(i.HAL_DCMI_ConfigCrop)
    HAL_DCMI_EnableCrop                      0x08001107   Thumb Code    48  stm32h7xx_hal_dcmi.o(i.HAL_DCMI_EnableCrop)
    HAL_DCMI_ErrorCallback                   0x08001139   Thumb Code    18  dcmi_ov2640.o(i.HAL_DCMI_ErrorCallback)
    HAL_DCMI_FrameEventCallback              0x08001161   Thumb Code    44  dcmi_ov2640.o(i.HAL_DCMI_FrameEventCallback)
    HAL_DCMI_GetError                        0x08001191   Thumb Code     4  stm32h7xx_hal_dcmi.o(i.HAL_DCMI_GetError)
    HAL_DCMI_IRQHandler                      0x08001195   Thumb Code   152  stm32h7xx_hal_dcmi.o(i.HAL_DCMI_IRQHandler)
    HAL_DCMI_Init                            0x08001231   Thumb Code   152  stm32h7xx_hal_dcmi.o(i.HAL_DCMI_Init)
    HAL_DCMI_LineEventCallback               0x080012cd   Thumb Code     2  stm32h7xx_hal_dcmi.o(i.HAL_DCMI_LineEventCallback)
    HAL_DCMI_MspInit                         0x080012d1   Thumb Code   220  dcmi_ov2640.o(i.HAL_DCMI_MspInit)
    HAL_DCMI_Start_DMA                       0x080013c1   Thumb Code   226  stm32h7xx_hal_dcmi.o(i.HAL_DCMI_Start_DMA)
    HAL_DCMI_VsyncEventCallback              0x080014ad   Thumb Code     2  stm32h7xx_hal_dcmi.o(i.HAL_DCMI_VsyncEventCallback)
    HAL_DMAEx_ChangeMemory                   0x080014b1   Thumb Code   134  stm32h7xx_hal_dma_ex.o(i.HAL_DMAEx_ChangeMemory)
    HAL_DMAEx_MultiBufferStart_IT            0x08001541   Thumb Code  1128  stm32h7xx_hal_dma_ex.o(i.HAL_DMAEx_MultiBufferStart_IT)
    HAL_DMA_Abort_IT                         0x080019a9   Thumb Code   602  stm32h7xx_hal_dma.o(i.HAL_DMA_Abort_IT)
    HAL_DMA_IRQHandler                       0x08001c2d   Thumb Code  1756  stm32h7xx_hal_dma.o(i.HAL_DMA_IRQHandler)
    HAL_DMA_Init                             0x08002315   Thumb Code   926  stm32h7xx_hal_dma.o(i.HAL_DMA_Init)
    HAL_DMA_Start_IT                         0x080026d9   Thumb Code   628  stm32h7xx_hal_dma.o(i.HAL_DMA_Start_IT)
    HAL_Delay                                0x08002975   Thumb Code    32  stm32h7xx_hal.o(i.HAL_Delay)
    HAL_GPIO_Init                            0x08002aa9   Thumb Code   506  stm32h7xx_hal_gpio.o(i.HAL_GPIO_Init)
    HAL_GPIO_ReadPin                         0x08002cd5   Thumb Code    10  stm32h7xx_hal_gpio.o(i.HAL_GPIO_ReadPin)
    HAL_GPIO_TogglePin                       0x08002cdf   Thumb Code    16  stm32h7xx_hal_gpio.o(i.HAL_GPIO_TogglePin)
    HAL_GPIO_WritePin                        0x08002cef   Thumb Code    10  stm32h7xx_hal_gpio.o(i.HAL_GPIO_WritePin)
    HAL_GetREVID                             0x08002cf9   Thumb Code     8  stm32h7xx_hal.o(i.HAL_GetREVID)
    HAL_GetTick                              0x08002d05   Thumb Code     6  stm32h7xx_hal.o(i.HAL_GetTick)
    HAL_IncTick                              0x08002d11   Thumb Code    12  stm32h7xx_hal.o(i.HAL_IncTick)
    HAL_Init                                 0x08002d21   Thumb Code    74  stm32h7xx_hal.o(i.HAL_Init)
    HAL_InitTick                             0x08002d7d   Thumb Code    56  stm32h7xx_hal.o(i.HAL_InitTick)
    HAL_LTDC_ConfigLayer                     0x08002dbd   Thumb Code    82  stm32h7xx_hal_ltdc.o(i.HAL_LTDC_ConfigLayer)
    HAL_LTDC_Init                            0x08002e11   Thumb Code   242  stm32h7xx_hal_ltdc.o(i.HAL_LTDC_Init)
    HAL_LTDC_MspInit                         0x08002f09   Thumb Code   424  lcd_rgb.o(i.HAL_LTDC_MspInit)
    HAL_MPU_ConfigRegion                     0x080030cd   Thumb Code    86  stm32h7xx_hal_cortex.o(i.HAL_MPU_ConfigRegion)
    HAL_MPU_Disable                          0x08003129   Thumb Code    24  stm32h7xx_hal_cortex.o(i.HAL_MPU_Disable)
    HAL_MPU_Enable                           0x08003145   Thumb Code    30  stm32h7xx_hal_cortex.o(i.HAL_MPU_Enable)
    HAL_MspInit                              0x08003169   Thumb Code    22  stm32h7xx_hal_msp.o(i.HAL_MspInit)
    HAL_NVIC_EnableIRQ                       0x08003185   Thumb Code    26  stm32h7xx_hal_cortex.o(i.HAL_NVIC_EnableIRQ)
    HAL_NVIC_SetPriority                     0x080031a1   Thumb Code    60  stm32h7xx_hal_cortex.o(i.HAL_NVIC_SetPriority)
    HAL_NVIC_SetPriorityGrouping             0x080031e1   Thumb Code    28  stm32h7xx_hal_cortex.o(i.HAL_NVIC_SetPriorityGrouping)
    HAL_PWREx_ConfigSupply                   0x08003205   Thumb Code    78  stm32h7xx_hal_pwr_ex.o(i.HAL_PWREx_ConfigSupply)
    HAL_RCCEx_GetD3PCLK1Freq                 0x08003259   Thumb Code    26  stm32h7xx_hal_rcc_ex.o(i.HAL_RCCEx_GetD3PCLK1Freq)
    HAL_RCCEx_GetPLL2ClockFreq               0x0800327d   Thumb Code   296  stm32h7xx_hal_rcc_ex.o(i.HAL_RCCEx_GetPLL2ClockFreq)
    HAL_RCCEx_GetPLL3ClockFreq               0x080033c1   Thumb Code   296  stm32h7xx_hal_rcc_ex.o(i.HAL_RCCEx_GetPLL3ClockFreq)
    HAL_RCCEx_PeriphCLKConfig                0x08003505   Thumb Code  2258  stm32h7xx_hal_rcc_ex.o(i.HAL_RCCEx_PeriphCLKConfig)
    HAL_RCC_ClockConfig                      0x08003dd9   Thumb Code   580  stm32h7xx_hal_rcc.o(i.HAL_RCC_ClockConfig)
    HAL_RCC_GetHCLKFreq                      0x08004035   Thumb Code    52  stm32h7xx_hal_rcc.o(i.HAL_RCC_GetHCLKFreq)
    HAL_RCC_GetPCLK1Freq                     0x08004079   Thumb Code    26  stm32h7xx_hal_rcc.o(i.HAL_RCC_GetPCLK1Freq)
    HAL_RCC_GetPCLK2Freq                     0x0800409d   Thumb Code    26  stm32h7xx_hal_rcc.o(i.HAL_RCC_GetPCLK2Freq)
    HAL_RCC_GetSysClockFreq                  0x080040c1   Thumb Code   278  stm32h7xx_hal_rcc.o(i.HAL_RCC_GetSysClockFreq)
    HAL_RCC_OscConfig                        0x080041f9   Thumb Code  1322  stm32h7xx_hal_rcc.o(i.HAL_RCC_OscConfig)
    HAL_SDRAM_Init                           0x08004729   Thumb Code    76  stm32h7xx_hal_sdram.o(i.HAL_SDRAM_Init)
    HAL_SDRAM_MspInit                        0x08004779   Thumb Code     4  sdram.o(i.HAL_SDRAM_MspInit)
    HAL_SDRAM_ProgramRefreshRate             0x0800477d   Thumb Code    46  stm32h7xx_hal_sdram.o(i.HAL_SDRAM_ProgramRefreshRate)
    HAL_SDRAM_SendCommand                    0x080047ad   Thumb Code    60  stm32h7xx_hal_sdram.o(i.HAL_SDRAM_SendCommand)
    HAL_SYSTICK_Config                       0x080047e9   Thumb Code    38  stm32h7xx_hal_cortex.o(i.HAL_SYSTICK_Config)
    HAL_UARTEx_DisableFifoMode               0x0800480f   Thumb Code    64  stm32h7xx_hal_uart_ex.o(i.HAL_UARTEx_DisableFifoMode)
    HAL_UARTEx_SetRxFifoThreshold            0x0800484f   Thumb Code    76  stm32h7xx_hal_uart_ex.o(i.HAL_UARTEx_SetRxFifoThreshold)
    HAL_UARTEx_SetTxFifoThreshold            0x0800489b   Thumb Code    76  stm32h7xx_hal_uart_ex.o(i.HAL_UARTEx_SetTxFifoThreshold)
    HAL_UART_Init                            0x080048e7   Thumb Code   106  stm32h7xx_hal_uart.o(i.HAL_UART_Init)
    HAL_UART_MspInit                         0x08004951   Thumb Code   120  usart.o(i.HAL_UART_MspInit)
    HAL_UART_Transmit                        0x080049d5   Thumb Code   190  stm32h7xx_hal_uart.o(i.HAL_UART_Transmit)
    HardFault_Handler                        0x08004a93   Thumb Code     2  stm32h7xx_it.o(i.HardFault_Handler)
    LCD_Clear                                0x08004a95   Thumb Code    64  lcd_rgb.o(i.LCD_Clear)
    LCD_CopyBuffer                           0x08004ae5   Thumb Code    76  main.o(i.LCD_CopyBuffer)
    LCD_DisplayChar                          0x08004b35   Thumb Code   116  lcd_rgb.o(i.LCD_DisplayChar)
    LCD_DisplayNumber                        0x08004bb1   Thumb Code    42  lcd_rgb.o(i.LCD_DisplayNumber)
    LCD_DisplayString                        0x08004bed   Thumb Code    50  lcd_rgb.o(i.LCD_DisplayString)
    LCD_DrawPoint                            0x08004c25   Thumb Code   114  lcd_rgb.o(i.LCD_DrawPoint)
    LCD_PanelModify                          0x08004c9d   Thumb Code   160  lcd_rgb.o(i.LCD_PanelModify)
    LCD_SetBackColor                         0x08004d45   Thumb Code   112  lcd_rgb.o(i.LCD_SetBackColor)
    LCD_SetColor                             0x08004db9   Thumb Code   112  lcd_rgb.o(i.LCD_SetColor)
    LCD_SetLayer                             0x08004e2d   Thumb Code    20  lcd_rgb.o(i.LCD_SetLayer)
    LED_Init                                 0x08004e45   Thumb Code    70  led.o(i.LED_Init)
    MPU_Config                               0x08005065   Thumb Code   128  main.o(i.MPU_Config)
    MX_DCMI_Init                             0x080050e5   Thumb Code    58  dcmi_ov2640.o(i.MX_DCMI_Init)
    MX_FMC_Init                              0x08005129   Thumb Code   104  sdram.o(i.MX_FMC_Init)
    MX_LTDC_Init                             0x08005199   Thumb Code   210  lcd_rgb.o(i.MX_LTDC_Init)
    MemManage_Handler                        0x08005285   Thumb Code     2  stm32h7xx_it.o(i.MemManage_Handler)
    NMI_Handler                              0x08005287   Thumb Code     2  stm32h7xx_it.o(i.NMI_Handler)
    OV2640_Config                            0x08005289   Thumb Code    30  dcmi_ov2640.o(i.OV2640_Config)
    OV2640_DCMI_Crop                         0x080052a9   Thumb Code    52  dcmi_ov2640.o(i.OV2640_DCMI_Crop)
    OV2640_DMA_Init                          0x080052e1   Thumb Code    94  dcmi_ov2640.o(i.OV2640_DMA_Init)
    OV2640_DMA_Transmit_Continuous           0x0800534d   Thumb Code    38  dcmi_ov2640.o(i.OV2640_DMA_Transmit_Continuous)
    OV2640_Delay                             0x08005379   Thumb Code    48  dcmi_ov2640.o(i.OV2640_Delay)
    OV2640_ReadID                            0x080053a9   Thumb Code    30  dcmi_ov2640.o(i.OV2640_ReadID)
    OV2640_Reset                             0x080053c9   Thumb Code    52  dcmi_ov2640.o(i.OV2640_Reset)
    OV2640_Set_Framesize                     0x08005401   Thumb Code    76  dcmi_ov2640.o(i.OV2640_Set_Framesize)
    PendSV_Handler                           0x0800544d   Thumb Code     2  stm32h7xx_it.o(i.PendSV_Handler)
    SCCB_ACK                                 0x08005691   Thumb Code    88  sccb.o(i.SCCB_ACK)
    SCCB_Delay                               0x080056ed   Thumb Code    40  sccb.o(i.SCCB_Delay)
    SCCB_GPIO_Config                         0x08005715   Thumb Code   114  sccb.o(i.SCCB_GPIO_Config)
    SCCB_NoACK                               0x08005791   Thumb Code    76  sccb.o(i.SCCB_NoACK)
    SCCB_ReadByte                            0x080057e1   Thumb Code   104  sccb.o(i.SCCB_ReadByte)
    SCCB_ReadReg                             0x0800584d   Thumb Code    52  sccb.o(i.SCCB_ReadReg)
    SCCB_Start                               0x08005881   Thumb Code    70  sccb.o(i.SCCB_Start)
    SCCB_Stop                                0x080058cd   Thumb Code    78  sccb.o(i.SCCB_Stop)
    SCCB_WaitACK                             0x08005921   Thumb Code    88  sccb.o(i.SCCB_WaitACK)
    SCCB_WriteByte                           0x0800597d   Thumb Code   102  sccb.o(i.SCCB_WriteByte)
    SCCB_WriteHandle                         0x080059e9   Thumb Code    28  sccb.o(i.SCCB_WriteHandle)
    SCCB_WriteReg                            0x08005a05   Thumb Code    32  sccb.o(i.SCCB_WriteReg)
    SDRAM_Initialization_Sequence            0x08005a25   Thumb Code   122  sdram.o(i.SDRAM_Initialization_Sequence)
    SVC_Handler                              0x08005a9f   Thumb Code     2  stm32h7xx_it.o(i.SVC_Handler)
    SysTick_Handler                          0x08005aa1   Thumb Code     4  stm32h7xx_it.o(i.SysTick_Handler)
    SystemClock_Config                       0x08005aa5   Thumb Code   276  main.o(i.SystemClock_Config)
    SystemInit                               0x08005bc9   Thumb Code   180  system_stm32h7xx.o(i.SystemInit)
    UART_AdvFeatureConfig                    0x08005ce9   Thumb Code   200  stm32h7xx_hal_uart.o(i.UART_AdvFeatureConfig)
    UART_CheckIdleState                      0x08005db1   Thumb Code    96  stm32h7xx_hal_uart.o(i.UART_CheckIdleState)
    UART_SetConfig                           0x08005e11   Thumb Code   876  stm32h7xx_hal_uart.o(i.UART_SetConfig)
    UART_WaitOnFlagUntilTimeout              0x080061bd   Thumb Code   202  stm32h7xx_hal_uart.o(i.UART_WaitOnFlagUntilTimeout)
    USART1_Init                              0x08006289   Thumb Code    66  usart.o(i.USART1_Init)
    UsageFault_Handler                       0x080062d5   Thumb Code     2  stm32h7xx_it.o(i.UsageFault_Handler)
    __0printf                                0x080062d9   Thumb Code    22  printfa.o(i.__0printf)
    __1printf                                0x080062d9   Thumb Code     0  printfa.o(i.__0printf)
    __2printf                                0x080062d9   Thumb Code     0  printfa.o(i.__0printf)
    __c89printf                              0x080062d9   Thumb Code     0  printfa.o(i.__0printf)
    printf                                   0x080062d9   Thumb Code     0  printfa.o(i.__0printf)
    __0sprintf                               0x080062f9   Thumb Code    34  printfa.o(i.__0sprintf)
    __1sprintf                               0x080062f9   Thumb Code     0  printfa.o(i.__0sprintf)
    __2sprintf                               0x080062f9   Thumb Code     0  printfa.o(i.__0sprintf)
    __c89sprintf                             0x080062f9   Thumb Code     0  printfa.o(i.__0sprintf)
    sprintf                                  0x080062f9   Thumb Code     0  printfa.o(i.__0sprintf)
    __scatterload_copy                       0x08006343   Thumb Code    14  handlers.o(i.__scatterload_copy)
    __scatterload_null                       0x08006351   Thumb Code     2  handlers.o(i.__scatterload_null)
    __scatterload_zeroinit                   0x08006353   Thumb Code    14  handlers.o(i.__scatterload_zeroinit)
    fputc                                    0x08006c1d   Thumb Code    18  usart.o(i.fputc)
    main                                     0x08006c35   Thumb Code   246  main.o(i.main)
    ASCII_2412_Table                         0x08006d4c   Data        4560  lcd_fonts.o(.constdata)
    OV2640_RGB565_Config                     0x08007f1c   Data          12  dcmi_ov2640.o(.constdata)
    OV2640_JPEG_Config                       0x08007f28   Data          14  dcmi_ov2640.o(.constdata)
    OV2640_SVGA_Config                       0x08007f36   Data         352  dcmi_ov2640.o(.constdata)
    UARTPrescTable                           0x0800809e   Data          24  stm32h7xx_hal_uart.o(.constdata)
    D1CorePrescTable                         0x080080c6   Data          16  system_stm32h7xx.o(.constdata)
    Region$$Table$$Base                      0x080080d8   Number         0  anon$$obj.o(Region$$Table)
    Region$$Table$$Limit                     0x080080f8   Number         0  anon$$obj.o(Region$$Table)
    Font24                                   0x20000008   Data          12  lcd_fonts.o(.data)
    OV2640_FrameState                        0x20000014   Data           1  dcmi_ov2640.o(.data)
    OV2640_FPS                               0x20000016   Data           1  dcmi_ov2640.o(.data)
    OV2640_BufferCount                       0x2000001c   Data           1  dcmi_ov2640.o(.data)
    uwTickFreq                               0x20000020   Data           1  stm32h7xx_hal.o(.data)
    uwTickPrio                               0x20000024   Data           4  stm32h7xx_hal.o(.data)
    uwTick                                   0x20000028   Data           4  stm32h7xx_hal.o(.data)
    SystemCoreClock                          0x2000002c   Data           4  system_stm32h7xx.o(.data)
    SystemD2Clock                            0x20000030   Data           4  system_stm32h7xx.o(.data)
    __stdout                                 0x20000034   Data           4  stdout.o(.data)
    huart1                                   0x20000038   Data         144  usart.o(.bss)
    hsdram1                                  0x200000c8   Data          52  sdram.o(.bss)
    command                                  0x200000fc   Data          16  sdram.o(.bss)
    hltdc                                    0x2000010c   Data         168  lcd_rgb.o(.bss)
    LCD                                      0x200001b4   Data          20  lcd_rgb.o(.bss)
    hdcmi                                    0x200001c8   Data          80  dcmi_ov2640.o(.bss)
    DMA_Handle_dcmi                          0x20000218   Data         120  dcmi_ov2640.o(.bss)
    __initial_sp                             0x20003290   Data           0  startup_stm32h750xx.o(STACK)



==============================================================================

Memory Map of the image

  Image Entry point : 0x08000299

  Load Region LR_IROM1 (Base: 0x08000000, Size: 0x00008130, Max: 0x00020000, ABSOLUTE)

    Execution Region ER_IROM1 (Exec base: 0x08000000, Load base: 0x08000000, Size: 0x000080f8, Max: 0x00020000, ABSOLUTE)

    Exec Addr    Load Addr    Size         Type   Attr      Idx    E Section Name        Object

    0x08000000   0x08000000   0x00000298   Data   RO            3    RESET               startup_stm32h750xx.o
    0x08000298   0x08000298   0x00000000   Code   RO         6052  * .ARM.Collect$$$$00000000  mc_w.l(entry.o)
    0x08000298   0x08000298   0x00000004   Code   RO         6324    .ARM.Collect$$$$00000001  mc_w.l(entry2.o)
    0x0800029c   0x0800029c   0x00000004   Code   RO         6327    .ARM.Collect$$$$00000004  mc_w.l(entry5.o)
    0x080002a0   0x080002a0   0x00000000   Code   RO         6329    .ARM.Collect$$$$00000008  mc_w.l(entry7b.o)
    0x080002a0   0x080002a0   0x00000000   Code   RO         6331    .ARM.Collect$$$$0000000A  mc_w.l(entry8b.o)
    0x080002a0   0x080002a0   0x00000008   Code   RO         6332    .ARM.Collect$$$$0000000B  mc_w.l(entry9a.o)
    0x080002a8   0x080002a8   0x00000000   Code   RO         6334    .ARM.Collect$$$$0000000D  mc_w.l(entry10a.o)
    0x080002a8   0x080002a8   0x00000000   Code   RO         6336    .ARM.Collect$$$$0000000F  mc_w.l(entry11a.o)
    0x080002a8   0x080002a8   0x00000004   Code   RO         6325    .ARM.Collect$$$$00002712  mc_w.l(entry2.o)
    0x080002ac   0x080002ac   0x00000024   Code   RO            4    .text               startup_stm32h750xx.o
    0x080002d0   0x080002d0   0x00000062   Code   RO         6055    .text               mc_w.l(uldiv.o)
    0x08000332   0x08000332   0x00000024   Code   RO         6057    .text               mc_w.l(memcpya.o)
    0x08000356   0x08000356   0x00000024   Code   RO         6059    .text               mc_w.l(memseta.o)
    0x0800037a   0x0800037a   0x0000002c   Code   RO         6339    .text               mc_w.l(uidiv.o)
    0x080003a6   0x080003a6   0x0000001e   Code   RO         6341    .text               mc_w.l(llshl.o)
    0x080003c4   0x080003c4   0x00000020   Code   RO         6343    .text               mc_w.l(llushr.o)
    0x080003e4   0x080003e4   0x00000000   Code   RO         6345    .text               mc_w.l(iusefp.o)
    0x080003e4   0x080003e4   0x0000014e   Code   RO         6346    .text               mf_w.l(dadd.o)
    0x08000532   0x08000532   0x000000e4   Code   RO         6348    .text               mf_w.l(dmul.o)
    0x08000616   0x08000616   0x000000de   Code   RO         6350    .text               mf_w.l(ddiv.o)
    0x080006f4   0x080006f4   0x00000030   Code   RO         6352    .text               mf_w.l(dfixul.o)
    0x08000724   0x08000724   0x00000030   Code   RO         6354    .text               mf_w.l(cdrcmple.o)
    0x08000754   0x08000754   0x00000024   Code   RO         6356    .text               mc_w.l(init.o)
    0x08000778   0x08000778   0x00000024   Code   RO         6358    .text               mc_w.l(llsshr.o)
    0x0800079c   0x0800079c   0x000000ba   Code   RO         6360    .text               mf_w.l(depilogue.o)
    0x08000856   0x08000856   0x00000002   Code   RO          234    i.BusFault_Handler  stm32h7xx_it.o
    0x08000858   0x08000858   0x00000020   Code   RO         5876    i.DCMI_DMAError     stm32h7xx_hal_dcmi.o
    0x08000878   0x08000878   0x00000084   Code   RO         5877    i.DCMI_DMAXferCplt  stm32h7xx_hal_dcmi.o
    0x080008fc   0x080008fc   0x0000000c   Code   RO          235    i.DCMI_IRQHandler   stm32h7xx_it.o
    0x08000908   0x08000908   0x00000094   Code   RO          991    i.DCMI_OV2640_Init  dcmi_ov2640.o
    0x0800099c   0x0800099c   0x00000108   Code   RO          236    i.DMA2_Stream7_IRQHandler  stm32h7xx_it.o
    0x08000aa4   0x08000aa4   0x000000b4   Code   RO         2134    i.DMA_CalcBaseAndBitshift  stm32h7xx_hal_dma.o
    0x08000b58   0x08000b58   0x0000009c   Code   RO         2135    i.DMA_CalcDMAMUXChannelBaseAndMask  stm32h7xx_hal_dma.o
    0x08000bf4   0x08000bf4   0x00000074   Code   RO         2136    i.DMA_CalcDMAMUXRequestGenBaseAndMask  stm32h7xx_hal_dma.o
    0x08000c68   0x08000c68   0x00000054   Code   RO         2137    i.DMA_CheckFifoParam  stm32h7xx_hal_dma.o
    0x08000cbc   0x08000cbc   0x000000a0   Code   RO         2250    i.DMA_MultiBufferSetConfig  stm32h7xx_hal_dma_ex.o
    0x08000d5c   0x08000d5c   0x00000220   Code   RO         2138    i.DMA_SetConfig     stm32h7xx_hal_dma.o
    0x08000f7c   0x08000f7c   0x00000002   Code   RO          237    i.DebugMon_Handler  stm32h7xx_it.o
    0x08000f7e   0x08000f7e   0x0000006a   Code   RO         3756    i.FMC_SDRAM_Init    stm32h7xx_ll_fmc.o
    0x08000fe8   0x08000fe8   0x00000012   Code   RO         3757    i.FMC_SDRAM_ProgramRefreshRate  stm32h7xx_ll_fmc.o
    0x08000ffa   0x08000ffa   0x00000026   Code   RO         3758    i.FMC_SDRAM_SendCommand  stm32h7xx_ll_fmc.o
    0x08001020   0x08001020   0x000000b0   Code   RO         3760    i.FMC_SDRAM_Timing_Init  stm32h7xx_ll_fmc.o
    0x080010d0   0x080010d0   0x00000036   Code   RO         5878    i.HAL_DCMI_ConfigCrop  stm32h7xx_hal_dcmi.o
    0x08001106   0x08001106   0x00000030   Code   RO         5882    i.HAL_DCMI_EnableCrop  stm32h7xx_hal_dcmi.o
    0x08001136   0x08001136   0x00000002   PAD
    0x08001138   0x08001138   0x00000028   Code   RO          992    i.HAL_DCMI_ErrorCallback  dcmi_ov2640.o
    0x08001160   0x08001160   0x00000030   Code   RO          993    i.HAL_DCMI_FrameEventCallback  dcmi_ov2640.o
    0x08001190   0x08001190   0x00000004   Code   RO         5885    i.HAL_DCMI_GetError  stm32h7xx_hal_dcmi.o
    0x08001194   0x08001194   0x0000009c   Code   RO         5887    i.HAL_DCMI_IRQHandler  stm32h7xx_hal_dcmi.o
    0x08001230   0x08001230   0x0000009c   Code   RO         5888    i.HAL_DCMI_Init     stm32h7xx_hal_dcmi.o
    0x080012cc   0x080012cc   0x00000002   Code   RO         5889    i.HAL_DCMI_LineEventCallback  stm32h7xx_hal_dcmi.o
    0x080012ce   0x080012ce   0x00000002   PAD
    0x080012d0   0x080012d0   0x000000f0   Code   RO          994    i.HAL_DCMI_MspInit  dcmi_ov2640.o
    0x080013c0   0x080013c0   0x000000ec   Code   RO         5893    i.HAL_DCMI_Start_DMA  stm32h7xx_hal_dcmi.o
    0x080014ac   0x080014ac   0x00000002   Code   RO         5896    i.HAL_DCMI_VsyncEventCallback  stm32h7xx_hal_dcmi.o
    0x080014ae   0x080014ae   0x00000002   PAD
    0x080014b0   0x080014b0   0x00000090   Code   RO         2251    i.HAL_DMAEx_ChangeMemory  stm32h7xx_hal_dma_ex.o
    0x08001540   0x08001540   0x00000468   Code   RO         2258    i.HAL_DMAEx_MultiBufferStart_IT  stm32h7xx_hal_dma_ex.o
    0x080019a8   0x080019a8   0x00000284   Code   RO         2140    i.HAL_DMA_Abort_IT  stm32h7xx_hal_dma.o
    0x08001c2c   0x08001c2c   0x000006e8   Code   RO         2144    i.HAL_DMA_IRQHandler  stm32h7xx_hal_dma.o
    0x08002314   0x08002314   0x000003c4   Code   RO         2145    i.HAL_DMA_Init      stm32h7xx_hal_dma.o
    0x080026d8   0x080026d8   0x0000029c   Code   RO         2149    i.HAL_DMA_Start_IT  stm32h7xx_hal_dma.o
    0x08002974   0x08002974   0x00000024   Code   RO         2848    i.HAL_Delay         stm32h7xx_hal.o
    0x08002998   0x08002998   0x00000110   Code   RO          419    i.HAL_FMC_MspInit   sdram.o
    0x08002aa8   0x08002aa8   0x0000022c   Code   RO         1987    i.HAL_GPIO_Init     stm32h7xx_hal_gpio.o
    0x08002cd4   0x08002cd4   0x0000000a   Code   RO         1989    i.HAL_GPIO_ReadPin  stm32h7xx_hal_gpio.o
    0x08002cde   0x08002cde   0x00000010   Code   RO         1990    i.HAL_GPIO_TogglePin  stm32h7xx_hal_gpio.o
    0x08002cee   0x08002cee   0x0000000a   Code   RO         1991    i.HAL_GPIO_WritePin  stm32h7xx_hal_gpio.o
    0x08002cf8   0x08002cf8   0x0000000c   Code   RO         2859    i.HAL_GetREVID      stm32h7xx_hal.o
    0x08002d04   0x08002d04   0x0000000c   Code   RO         2860    i.HAL_GetTick       stm32h7xx_hal.o
    0x08002d10   0x08002d10   0x00000010   Code   RO         2866    i.HAL_IncTick       stm32h7xx_hal.o
    0x08002d20   0x08002d20   0x0000005c   Code   RO         2867    i.HAL_Init          stm32h7xx_hal.o
    0x08002d7c   0x08002d7c   0x00000040   Code   RO         2868    i.HAL_InitTick      stm32h7xx_hal.o
    0x08002dbc   0x08002dbc   0x00000052   Code   RO         4065    i.HAL_LTDC_ConfigLayer  stm32h7xx_hal_ltdc.o
    0x08002e0e   0x08002e0e   0x00000002   PAD
    0x08002e10   0x08002e10   0x000000f8   Code   RO         4082    i.HAL_LTDC_Init     stm32h7xx_hal_ltdc.o
    0x08002f08   0x08002f08   0x000001c4   Code   RO          463    i.HAL_LTDC_MspInit  lcd_rgb.o
    0x080030cc   0x080030cc   0x0000005c   Code   RO         1165    i.HAL_MPU_ConfigRegion  stm32h7xx_hal_cortex.o
    0x08003128   0x08003128   0x0000001c   Code   RO         1166    i.HAL_MPU_Disable   stm32h7xx_hal_cortex.o
    0x08003144   0x08003144   0x00000024   Code   RO         1167    i.HAL_MPU_Enable    stm32h7xx_hal_cortex.o
    0x08003168   0x08003168   0x0000001c   Code   RO          325    i.HAL_MspInit       stm32h7xx_hal_msp.o
    0x08003184   0x08003184   0x0000001a   Code   RO         1170    i.HAL_NVIC_EnableIRQ  stm32h7xx_hal_cortex.o
    0x0800319e   0x0800319e   0x00000002   PAD
    0x080031a0   0x080031a0   0x00000040   Code   RO         1176    i.HAL_NVIC_SetPriority  stm32h7xx_hal_cortex.o
    0x080031e0   0x080031e0   0x00000024   Code   RO         1177    i.HAL_NVIC_SetPriorityGrouping  stm32h7xx_hal_cortex.o
    0x08003204   0x08003204   0x00000054   Code   RO         2588    i.HAL_PWREx_ConfigSupply  stm32h7xx_hal_pwr_ex.o
    0x08003258   0x08003258   0x00000024   Code   RO         1630    i.HAL_RCCEx_GetD3PCLK1Freq  stm32h7xx_hal_rcc_ex.o
    0x0800327c   0x0800327c   0x00000144   Code   RO         1632    i.HAL_RCCEx_GetPLL2ClockFreq  stm32h7xx_hal_rcc_ex.o
    0x080033c0   0x080033c0   0x00000144   Code   RO         1633    i.HAL_RCCEx_GetPLL3ClockFreq  stm32h7xx_hal_rcc_ex.o
    0x08003504   0x08003504   0x000008d2   Code   RO         1639    i.HAL_RCCEx_PeriphCLKConfig  stm32h7xx_hal_rcc_ex.o
    0x08003dd6   0x08003dd6   0x00000002   PAD
    0x08003dd8   0x08003dd8   0x0000025c   Code   RO         1515    i.HAL_RCC_ClockConfig  stm32h7xx_hal_rcc.o
    0x08004034   0x08004034   0x00000044   Code   RO         1520    i.HAL_RCC_GetHCLKFreq  stm32h7xx_hal_rcc.o
    0x08004078   0x08004078   0x00000024   Code   RO         1522    i.HAL_RCC_GetPCLK1Freq  stm32h7xx_hal_rcc.o
    0x0800409c   0x0800409c   0x00000024   Code   RO         1523    i.HAL_RCC_GetPCLK2Freq  stm32h7xx_hal_rcc.o
    0x080040c0   0x080040c0   0x00000138   Code   RO         1524    i.HAL_RCC_GetSysClockFreq  stm32h7xx_hal_rcc.o
    0x080041f8   0x080041f8   0x00000530   Code   RO         1527    i.HAL_RCC_OscConfig  stm32h7xx_hal_rcc.o
    0x08004728   0x08004728   0x00000050   Code   RO         3897    i.HAL_SDRAM_Init    stm32h7xx_hal_sdram.o
    0x08004778   0x08004778   0x00000004   Code   RO          420    i.HAL_SDRAM_MspInit  sdram.o
    0x0800477c   0x0800477c   0x0000002e   Code   RO         3900    i.HAL_SDRAM_ProgramRefreshRate  stm32h7xx_hal_sdram.o
    0x080047aa   0x080047aa   0x00000002   PAD
    0x080047ac   0x080047ac   0x0000003c   Code   RO         3906    i.HAL_SDRAM_SendCommand  stm32h7xx_hal_sdram.o
    0x080047e8   0x080047e8   0x00000026   Code   RO         1181    i.HAL_SYSTICK_Config  stm32h7xx_hal_cortex.o
    0x0800480e   0x0800480e   0x00000040   Code   RO         5764    i.HAL_UARTEx_DisableFifoMode  stm32h7xx_hal_uart_ex.o
    0x0800484e   0x0800484e   0x0000004c   Code   RO         5772    i.HAL_UARTEx_SetRxFifoThreshold  stm32h7xx_hal_uart_ex.o
    0x0800489a   0x0800489a   0x0000004c   Code   RO         5773    i.HAL_UARTEx_SetTxFifoThreshold  stm32h7xx_hal_uart_ex.o
    0x080048e6   0x080048e6   0x0000006a   Code   RO         5373    i.HAL_UART_Init     stm32h7xx_hal_uart.o
    0x08004950   0x08004950   0x00000084   Code   RO          373    i.HAL_UART_MspInit  usart.o
    0x080049d4   0x080049d4   0x000000be   Code   RO         5382    i.HAL_UART_Transmit  stm32h7xx_hal_uart.o
    0x08004a92   0x08004a92   0x00000002   Code   RO          238    i.HardFault_Handler  stm32h7xx_it.o
    0x08004a94   0x08004a94   0x00000050   Code   RO          464    i.LCD_Clear         lcd_rgb.o
    0x08004ae4   0x08004ae4   0x00000050   Code   RO           14    i.LCD_CopyBuffer    main.o
    0x08004b34   0x08004b34   0x0000007c   Code   RO          466    i.LCD_DisplayChar   lcd_rgb.o
    0x08004bb0   0x08004bb0   0x0000003c   Code   RO          470    i.LCD_DisplayNumber  lcd_rgb.o
    0x08004bec   0x08004bec   0x00000038   Code   RO          471    i.LCD_DisplayString  lcd_rgb.o
    0x08004c24   0x08004c24   0x00000078   Code   RO          477    i.LCD_DrawPoint     lcd_rgb.o
    0x08004c9c   0x08004c9c   0x000000a8   Code   RO          481    i.LCD_PanelModify   lcd_rgb.o
    0x08004d44   0x08004d44   0x00000074   Code   RO          483    i.LCD_SetBackColor  lcd_rgb.o
    0x08004db8   0x08004db8   0x00000074   Code   RO          484    i.LCD_SetColor      lcd_rgb.o
    0x08004e2c   0x08004e2c   0x00000018   Code   RO          486    i.LCD_SetLayer      lcd_rgb.o
    0x08004e44   0x08004e44   0x00000050   Code   RO          349    i.LED_Init          led.o
    0x08004e94   0x08004e94   0x000001d0   Code   RO         4101    i.LTDC_SetConfig    stm32h7xx_hal_ltdc.o
    0x08005064   0x08005064   0x00000080   Code   RO           15    i.MPU_Config        main.o
    0x080050e4   0x080050e4   0x00000044   Code   RO          995    i.MX_DCMI_Init      dcmi_ov2640.o
    0x08005128   0x08005128   0x00000070   Code   RO          421    i.MX_FMC_Init       sdram.o
    0x08005198   0x08005198   0x000000ec   Code   RO          489    i.MX_LTDC_Init      lcd_rgb.o
    0x08005284   0x08005284   0x00000002   Code   RO          239    i.MemManage_Handler  stm32h7xx_it.o
    0x08005286   0x08005286   0x00000002   Code   RO          240    i.NMI_Handler       stm32h7xx_it.o
    0x08005288   0x08005288   0x0000001e   Code   RO          996    i.OV2640_Config     dcmi_ov2640.o
    0x080052a6   0x080052a6   0x00000002   PAD
    0x080052a8   0x080052a8   0x00000038   Code   RO          997    i.OV2640_DCMI_Crop  dcmi_ov2640.o
    0x080052e0   0x080052e0   0x0000006c   Code   RO         1001    i.OV2640_DMA_Init   dcmi_ov2640.o
    0x0800534c   0x0800534c   0x0000002c   Code   RO         1002    i.OV2640_DMA_Transmit_Continuous  dcmi_ov2640.o
    0x08005378   0x08005378   0x00000030   Code   RO         1004    i.OV2640_Delay      dcmi_ov2640.o
    0x080053a8   0x080053a8   0x0000001e   Code   RO         1005    i.OV2640_ReadID     dcmi_ov2640.o
    0x080053c6   0x080053c6   0x00000002   PAD
    0x080053c8   0x080053c8   0x00000038   Code   RO         1006    i.OV2640_Reset      dcmi_ov2640.o
    0x08005400   0x08005400   0x0000004c   Code   RO         1010    i.OV2640_Set_Framesize  dcmi_ov2640.o
    0x0800544c   0x0800544c   0x00000002   Code   RO          241    i.PendSV_Handler    stm32h7xx_it.o
    0x0800544e   0x0800544e   0x00000002   PAD
    0x08005450   0x08005450   0x00000120   Code   RO         1642    i.RCCEx_PLL2_Config  stm32h7xx_hal_rcc_ex.o
    0x08005570   0x08005570   0x00000120   Code   RO         1643    i.RCCEx_PLL3_Config  stm32h7xx_hal_rcc_ex.o
    0x08005690   0x08005690   0x0000005c   Code   RO          878    i.SCCB_ACK          sccb.o
    0x080056ec   0x080056ec   0x00000028   Code   RO          879    i.SCCB_Delay        sccb.o
    0x08005714   0x08005714   0x0000007c   Code   RO          880    i.SCCB_GPIO_Config  sccb.o
    0x08005790   0x08005790   0x00000050   Code   RO          881    i.SCCB_NoACK        sccb.o
    0x080057e0   0x080057e0   0x0000006c   Code   RO          882    i.SCCB_ReadByte     sccb.o
    0x0800584c   0x0800584c   0x00000034   Code   RO          883    i.SCCB_ReadReg      sccb.o
    0x08005880   0x08005880   0x0000004c   Code   RO          885    i.SCCB_Start        sccb.o
    0x080058cc   0x080058cc   0x00000054   Code   RO          886    i.SCCB_Stop         sccb.o
    0x08005920   0x08005920   0x0000005c   Code   RO          887    i.SCCB_WaitACK      sccb.o
    0x0800597c   0x0800597c   0x0000006c   Code   RO          889    i.SCCB_WriteByte    sccb.o
    0x080059e8   0x080059e8   0x0000001c   Code   RO          890    i.SCCB_WriteHandle  sccb.o
    0x08005a04   0x08005a04   0x00000020   Code   RO          892    i.SCCB_WriteReg     sccb.o
    0x08005a24   0x08005a24   0x0000007a   Code   RO          422    i.SDRAM_Initialization_Sequence  sdram.o
    0x08005a9e   0x08005a9e   0x00000002   Code   RO          242    i.SVC_Handler       stm32h7xx_it.o
    0x08005aa0   0x08005aa0   0x00000004   Code   RO          243    i.SysTick_Handler   stm32h7xx_it.o
    0x08005aa4   0x08005aa4   0x00000124   Code   RO           16    i.SystemClock_Config  main.o
    0x08005bc8   0x08005bc8   0x000000dc   Code   RO         6019    i.SystemInit        system_stm32h7xx.o
    0x08005ca4   0x08005ca4   0x00000044   Code   RO         5777    i.UARTEx_SetNbDataToProcess  stm32h7xx_hal_uart_ex.o
    0x08005ce8   0x08005ce8   0x000000c8   Code   RO         5387    i.UART_AdvFeatureConfig  stm32h7xx_hal_uart.o
    0x08005db0   0x08005db0   0x00000060   Code   RO         5388    i.UART_CheckIdleState  stm32h7xx_hal_uart.o
    0x08005e10   0x08005e10   0x000003ac   Code   RO         5405    i.UART_SetConfig    stm32h7xx_hal_uart.o
    0x080061bc   0x080061bc   0x000000ca   Code   RO         5412    i.UART_WaitOnFlagUntilTimeout  stm32h7xx_hal_uart.o
    0x08006286   0x08006286   0x00000002   PAD
    0x08006288   0x08006288   0x0000004c   Code   RO          374    i.USART1_Init       usart.o
    0x080062d4   0x080062d4   0x00000002   Code   RO          244    i.UsageFault_Handler  stm32h7xx_it.o
    0x080062d6   0x080062d6   0x00000002   PAD
    0x080062d8   0x080062d8   0x00000020   Code   RO         6296    i.__0printf         mc_w.l(printfa.o)
    0x080062f8   0x080062f8   0x00000028   Code   RO         6298    i.__0sprintf        mc_w.l(printfa.o)
    0x08006320   0x08006320   0x00000022   Code   RO         1183    i.__NVIC_SetPriority  stm32h7xx_hal_cortex.o
    0x08006342   0x08006342   0x0000000e   Code   RO         6364    i.__scatterload_copy  mc_w.l(handlers.o)
    0x08006350   0x08006350   0x00000002   Code   RO         6365    i.__scatterload_null  mc_w.l(handlers.o)
    0x08006352   0x08006352   0x0000000e   Code   RO         6366    i.__scatterload_zeroinit  mc_w.l(handlers.o)
    0x08006360   0x08006360   0x00000184   Code   RO         6303    i._fp_digits        mc_w.l(printfa.o)
    0x080064e4   0x080064e4   0x000006dc   Code   RO         6304    i._printf_core      mc_w.l(printfa.o)
    0x08006bc0   0x08006bc0   0x00000024   Code   RO         6305    i._printf_post_padding  mc_w.l(printfa.o)
    0x08006be4   0x08006be4   0x0000002e   Code   RO         6306    i._printf_pre_padding  mc_w.l(printfa.o)
    0x08006c12   0x08006c12   0x0000000a   Code   RO         6308    i._sputc            mc_w.l(printfa.o)
    0x08006c1c   0x08006c1c   0x00000018   Code   RO          375    i.fputc             usart.o
    0x08006c34   0x08006c34   0x00000118   Code   RO           17    i.main              main.o
    0x08006d4c   0x08006d4c   0x000011d0   Data   RO          693    .constdata          lcd_fonts.o
    0x08007f1c   0x08007f1c   0x0000017a   Data   RO         1016    .constdata          dcmi_ov2640.o
    0x08008096   0x08008096   0x00000008   Data   RO         2151    .constdata          stm32h7xx_hal_dma.o
    0x0800809e   0x0800809e   0x00000018   Data   RO         5413    .constdata          stm32h7xx_hal_uart.o
    0x080080b6   0x080080b6   0x00000010   Data   RO         5778    .constdata          stm32h7xx_hal_uart_ex.o
    0x080080c6   0x080080c6   0x00000010   Data   RO         6020    .constdata          system_stm32h7xx.o
    0x080080d6   0x080080d6   0x00000002   PAD
    0x080080d8   0x080080d8   0x00000020   Data   RO         6362    Region$$Table       anon$$obj.o


    Execution Region RW_IRAM1 (Exec base: 0x20000000, Load base: 0x080080f8, Size: 0x00003290, Max: 0x00020000, ABSOLUTE)

    Exec Addr    Load Addr    Size         Type   Attr      Idx    E Section Name        Object

    0x20000000   0x080080f8   0x00000008   Data   RW          492    .data               lcd_rgb.o
    0x20000008   0x08008100   0x0000000c   Data   RW          703    .data               lcd_fonts.o
    0x20000014   0x0800810c   0x00000008   Data   RW         1018    .data               dcmi_ov2640.o
    0x2000001c   0x08008114   0x00000001   Data   RW         1019    .data               dcmi_ov2640.o
    0x2000001d   0x08008115   0x00000003   PAD
    0x20000020   0x08008118   0x0000000c   Data   RW         2889    .data               stm32h7xx_hal.o
    0x2000002c   0x08008124   0x00000008   Data   RW         6021    .data               system_stm32h7xx.o
    0x20000034   0x0800812c   0x00000004   Data   RW         6338    .data               mc_w.l(stdout.o)
    0x20000038        -       0x00000090   Zero   RW          376    .bss                usart.o
    0x200000c8        -       0x00000044   Zero   RW          423    .bss                sdram.o
    0x2000010c        -       0x000000bc   Zero   RW          491    .bss                lcd_rgb.o
    0x200001c8        -       0x000000c8   Zero   RW         1015    .bss                dcmi_ov2640.o
    0x20000290        -       0x00003000   Zero   RW            1    STACK               startup_stm32h750xx.o


==============================================================================

Image component sizes


      Code (inc. data)   RO Data    RW Data    ZI Data      Debug   Object Name

       992        136        378          9        200      11881   dcmi_ov2640.o
         0          0       4560         12          0       2229   lcd_fonts.o
      1552        128          0          8        188      10929   lcd_rgb.o
        80         10          0          0          0       1175   led.o
       780         54          0          0          0    1345264   main.o
       916         44          0          0          0       9165   sccb.o
       510         36          0          0         68       3928   sdram.o
        36          8        664          0      12288        928   startup_stm32h750xx.o
       232         44          0         12          0      24408   stm32h7xx_hal.o
       354         28          0          0          0      43001   stm32h7xx_hal_cortex.o
       822         18          0          0          0       8998   stm32h7xx_hal_dcmi.o
      5124        218          8          0          0      11914   stm32h7xx_hal_dma.o
      1432         56          0          0          0       3821   stm32h7xx_hal_dma_ex.o
       592         50          0          0          0       4104   stm32h7xx_hal_gpio.o
       794          6          0          0          0       3607   stm32h7xx_hal_ltdc.o
        28          6          0          0          0       1054   stm32h7xx_hal_msp.o
        84          6          0          0          0        913   stm32h7xx_hal_pwr_ex.o
      2384        108          0          0          0       7880   stm32h7xx_hal_rcc.o
      3518        112          0          0          0       8625   stm32h7xx_hal_rcc_ex.o
       186          4          0          0          0       3340   stm32h7xx_hal_sdram.o
      1734        106         24          0          0      27046   stm32h7xx_hal_uart.o
       284          6         16          0          0       4297   stm32h7xx_hal_uart_ex.o
       296         32          0          0          0       7222   stm32h7xx_it.o
       338         12          0          0          0       4812   stm32h7xx_ll_fmc.o
       220         40         16          8          0       1738   system_stm32h7xx.o
       232         28          0          0        144       4206   usart.o

    ----------------------------------------------------------------------
     23544       1296       5700         52      12888    1556485   Object Totals
         0          0         32          0          0          0   (incl. Generated)
        24          0          2          3          0          0   (incl. Padding)

    ----------------------------------------------------------------------

      Code (inc. data)   RO Data    RW Data    ZI Data      Debug   Library Member Name

         0          0          0          0          0          0   entry.o
         0          0          0          0          0          0   entry10a.o
         0          0          0          0          0          0   entry11a.o
         8          4          0          0          0          0   entry2.o
         4          0          0          0          0          0   entry5.o
         0          0          0          0          0          0   entry7b.o
         0          0          0          0          0          0   entry8b.o
         8          4          0          0          0          0   entry9a.o
        30          0          0          0          0          0   handlers.o
        36          8          0          0          0         68   init.o
         0          0          0          0          0          0   iusefp.o
        30          0          0          0          0         68   llshl.o
        36          0          0          0          0         68   llsshr.o
        32          0          0          0          0         68   llushr.o
        36          0          0          0          0         68   memcpya.o
        36          0          0          0          0        108   memseta.o
      2308         96          0          0          0        604   printfa.o
         0          0          0          4          0          0   stdout.o
        44          0          0          0          0         80   uidiv.o
        98          0          0          0          0         92   uldiv.o
        48          0          0          0          0         68   cdrcmple.o
       334          0          0          0          0        148   dadd.o
       222          0          0          0          0        100   ddiv.o
       186          0          0          0          0        176   depilogue.o
        48          0          0          0          0         68   dfixul.o
       228          0          0          0          0         96   dmul.o

    ----------------------------------------------------------------------
      3772        112          0          4          0       1880   Library Totals
         0          0          0          0          0          0   (incl. Padding)

    ----------------------------------------------------------------------

      Code (inc. data)   RO Data    RW Data    ZI Data      Debug   Library Name

      2706        112          0          4          0       1224   mc_w.l
      1066          0          0          0          0        656   mf_w.l

    ----------------------------------------------------------------------
      3772        112          0          4          0       1880   Library Totals

    ----------------------------------------------------------------------

==============================================================================


      Code (inc. data)   RO Data    RW Data    ZI Data      Debug   

     27316       1408       5700         56      12888    1545181   Grand Totals
     27316       1408       5700         56      12888    1545181   ELF Image Totals
     27316       1408       5700         56          0          0   ROM Totals

==============================================================================

    Total RO  Size (Code + RO Data)                33016 (  32.24kB)
    Total RW  Size (RW Data + ZI Data)             12944 (  12.64kB)
    Total ROM Size (Code + RO Data + RW Data)      33072 (  32.30kB)

==============================================================================

